Component: ARM Compiler 5.06 update 5 (build 528) Tool: armlink [4d35e2]

==============================================================================

Section Cross References

    startup_stm32f10x_md.o(STACK) refers (Special) to heapauxi.o(.text) for __use_two_region_memory
    startup_stm32f10x_md.o(HEAP) refers (Special) to heapauxi.o(.text) for __use_two_region_memory
    startup_stm32f10x_md.o(RESET) refers (Special) to heapauxi.o(.text) for __use_two_region_memory
    startup_stm32f10x_md.o(RESET) refers to startup_stm32f10x_md.o(STACK) for __initial_sp
    startup_stm32f10x_md.o(RESET) refers to startup_stm32f10x_md.o(.text) for Reset_Handler
    startup_stm32f10x_md.o(RESET) refers to stm32f10x_it.o(i.NMI_Handler) for NMI_Handler
    startup_stm32f10x_md.o(RESET) refers to stm32f10x_it.o(i.HardFault_Handler) for HardFault_Handler
    startup_stm32f10x_md.o(RESET) refers to stm32f10x_it.o(i.MemManage_Handler) for MemManage_Handler
    startup_stm32f10x_md.o(RESET) refers to stm32f10x_it.o(i.BusFault_Handler) for BusFault_Handler
    startup_stm32f10x_md.o(RESET) refers to stm32f10x_it.o(i.UsageFault_Handler) for UsageFault_Handler
    startup_stm32f10x_md.o(RESET) refers to stm32f10x_it.o(i.SVC_Handler) for SVC_Handler
    startup_stm32f10x_md.o(RESET) refers to stm32f10x_it.o(i.DebugMon_Handler) for DebugMon_Handler
    startup_stm32f10x_md.o(RESET) refers to stm32f10x_it.o(i.PendSV_Handler) for PendSV_Handler
    startup_stm32f10x_md.o(RESET) refers to stm32f10x_it.o(i.SysTick_Handler) for SysTick_Handler
    startup_stm32f10x_md.o(RESET) refers to main.o(i.EXTI9_5_IRQHandler) for EXTI9_5_IRQHandler
    startup_stm32f10x_md.o(RESET) refers to main.o(i.EXTI15_10_IRQHandler) for EXTI15_10_IRQHandler
    startup_stm32f10x_md.o(.text) refers (Special) to heapauxi.o(.text) for __use_two_region_memory
    startup_stm32f10x_md.o(.text) refers to system_stm32f10x.o(i.SystemInit) for SystemInit
    startup_stm32f10x_md.o(.text) refers to __main.o(!!!main) for __main
    startup_stm32f10x_md.o(.text) refers to startup_stm32f10x_md.o(HEAP) for Heap_Mem
    startup_stm32f10x_md.o(.text) refers to startup_stm32f10x_md.o(STACK) for Stack_Mem
    system_stm32f10x.o(i.SetSysClock) refers to system_stm32f10x.o(i.SetSysClockTo72) for SetSysClockTo72
    system_stm32f10x.o(i.SystemCoreClockUpdate) refers to system_stm32f10x.o(.data) for SystemCoreClock
    system_stm32f10x.o(i.SystemInit) refers to system_stm32f10x.o(i.SetSysClock) for SetSysClock
    stm32f10x_adc.o(i.ADC_DeInit) refers to stm32f10x_rcc.o(i.RCC_APB2PeriphResetCmd) for RCC_APB2PeriphResetCmd
    stm32f10x_bkp.o(i.BKP_DeInit) refers to stm32f10x_rcc.o(i.RCC_BackupResetCmd) for RCC_BackupResetCmd
    stm32f10x_can.o(i.CAN_DeInit) refers to stm32f10x_rcc.o(i.RCC_APB1PeriphResetCmd) for RCC_APB1PeriphResetCmd
    stm32f10x_can.o(i.CAN_GetITStatus) refers to stm32f10x_can.o(i.CheckITStatus) for CheckITStatus
    stm32f10x_cec.o(i.CEC_DeInit) refers to stm32f10x_rcc.o(i.RCC_APB1PeriphResetCmd) for RCC_APB1PeriphResetCmd
    stm32f10x_dac.o(i.DAC_DeInit) refers to stm32f10x_rcc.o(i.RCC_APB1PeriphResetCmd) for RCC_APB1PeriphResetCmd
    stm32f10x_flash.o(i.FLASH_EnableWriteProtection) refers to stm32f10x_flash.o(i.FLASH_WaitForLastOperation) for FLASH_WaitForLastOperation
    stm32f10x_flash.o(i.FLASH_EraseAllBank1Pages) refers to stm32f10x_flash.o(i.FLASH_WaitForLastBank1Operation) for FLASH_WaitForLastBank1Operation
    stm32f10x_flash.o(i.FLASH_EraseAllPages) refers to stm32f10x_flash.o(i.FLASH_WaitForLastOperation) for FLASH_WaitForLastOperation
    stm32f10x_flash.o(i.FLASH_EraseOptionBytes) refers to stm32f10x_flash.o(i.FLASH_GetReadOutProtectionStatus) for FLASH_GetReadOutProtectionStatus
    stm32f10x_flash.o(i.FLASH_EraseOptionBytes) refers to stm32f10x_flash.o(i.FLASH_WaitForLastOperation) for FLASH_WaitForLastOperation
    stm32f10x_flash.o(i.FLASH_ErasePage) refers to stm32f10x_flash.o(i.FLASH_WaitForLastOperation) for FLASH_WaitForLastOperation
    stm32f10x_flash.o(i.FLASH_ProgramHalfWord) refers to stm32f10x_flash.o(i.FLASH_WaitForLastOperation) for FLASH_WaitForLastOperation
    stm32f10x_flash.o(i.FLASH_ProgramOptionByteData) refers to stm32f10x_flash.o(i.FLASH_WaitForLastOperation) for FLASH_WaitForLastOperation
    stm32f10x_flash.o(i.FLASH_ProgramWord) refers to stm32f10x_flash.o(i.FLASH_WaitForLastOperation) for FLASH_WaitForLastOperation
    stm32f10x_flash.o(i.FLASH_ReadOutProtection) refers to stm32f10x_flash.o(i.FLASH_WaitForLastOperation) for FLASH_WaitForLastOperation
    stm32f10x_flash.o(i.FLASH_UserOptionByteConfig) refers to stm32f10x_flash.o(i.FLASH_WaitForLastOperation) for FLASH_WaitForLastOperation
    stm32f10x_flash.o(i.FLASH_WaitForLastBank1Operation) refers to stm32f10x_flash.o(i.FLASH_GetBank1Status) for FLASH_GetBank1Status
    stm32f10x_flash.o(i.FLASH_WaitForLastOperation) refers to stm32f10x_flash.o(i.FLASH_GetBank1Status) for FLASH_GetBank1Status
[...]
    dp_l                                     0x08008368   Data          16  pow.o(.constdata)
    L                                        0x08008378   Data          48  pow.o(.constdata)
    P                                        0x080083a8   Data          40  pow.o(.constdata)
    .constdata                               0x080083d0   Section      152  atan.o(.constdata)
    atanhi                                   0x080083d0   Data          32  atan.o(.constdata)
    atanlo                                   0x080083f0   Data          32  atan.o(.constdata)
    aTodd                                    0x08008410   Data          40  atan.o(.constdata)
    aTeven                                   0x08008438   Data          48  atan.o(.constdata)
    .constdata                               0x08008468   Section        8  qnan.o(.constdata)
    .data                                    0x20000000   Section       96  ms5611.o(.data)
    .data                                    0x20000060   Section       72  pid.o(.data)
    .data                                    0x200000a8   Section      105  main.o(.data)
    .data                                    0x20000114   Section       53  inv_mpu.o(.data)
    st                                       0x20000114   Data          44  inv_mpu.o(.data)
    gyro_orientation                         0x20000140   Data           9  inv_mpu.o(.data)
    .bss                                     0x2000014c   Section      148  ms5611.o(.bss)
    .bss                                     0x200001e0   Section       16  inv_mpu_dmp_motion_driver.o(.bss)
    dmp                                      0x200001e0   Data          16  inv_mpu_dmp_motion_driver.o(.bss)
    .bss                                     0x200001f0   Section       96  libspace.o(.bss)
    HEAP                                     0x20000250   Section      512  startup_stm32f10x_md.o(HEAP)
    Heap_Mem                                 0x20000250   Data         512  startup_stm32f10x_md.o(HEAP)
    STACK                                    0x20000450   Section     1024  startup_stm32f10x_md.o(STACK)
    Stack_Mem                                0x20000450   Data        1024  startup_stm32f10x_md.o(STACK)
    __initial_sp                             0x20000850   Data           0  startup_stm32f10x_md.o(STACK)

    Global Symbols

    Symbol Name                              Value     Ov Type        Size  Object(Section)

    BuildAttributes$$THM_ISAv4$P$D$K$B$S$PE$A:L22UL41UL21$X:L11$S22US41US21$IEEE1$IW$USESV6$~STKCKD$USESV7$~SHL$OTIME$ROPI$IEEEX$EBA8$UX$STANDARDLIB$REQ8$PRES8$EABIv2 0x00000000   Number         0  anon$$obj.o ABSOLUTE
    __ARM_use_no_argv                        0x00000000   Number         0  main.o ABSOLUTE
    __ARM_exceptions_init                     - Undefined Weak Reference
    __alloca_initialize                       - Undefined Weak Reference
    __arm_preinit_                            - Undefined Weak Reference
    __cpp_initialize__aeabi_                  - Undefined Weak Reference
    __cxa_finalize                            - Undefined Weak Reference
    __rt_locale                               - Undefined Weak Reference
    __sigvec_lookup                           - Undefined Weak Reference
    _atexit_init                              - Undefined Weak Reference
    _call_atexit_fns                          - Undefined Weak Reference
    _clock_init                               - Undefined Weak Reference
    _fp_trap_init                             - Undefined Weak Reference
    _fp_trap_shutdown                         - Undefined Weak Reference
    _get_lc_collate                           - Undefined Weak Reference
    _get_lc_ctype                             - Undefined Weak Reference
    _get_lc_monetary                          - Undefined Weak Reference
    _get_lc_numeric                           - Undefined Weak Reference
    _get_lc_time                              - Undefined Weak Reference
    _getenv_init                              - Undefined Weak Reference
    _handle_redirection                       - Undefined Weak Reference
    _init_alloc                               - Undefined Weak Reference
    _init_user_alloc                          - Undefined Weak Reference
    _initio                                   - Undefined Weak Reference
    _rand_init                                - Undefined Weak Reference
    _signal_finish                            - Undefined Weak Reference
    _signal_init                              - Undefined Weak Reference
    _terminate_alloc                          - Undefined Weak Reference
    _terminate_user_alloc                     - Undefined Weak Reference
    _terminateio                              - Undefined Weak Reference
    __Vectors_Size                           0x000000ec   Number         0  startup_stm32f10x_md.o ABSOLUTE
    __Vectors                                0x08000000   Data           4  startup_stm32f10x_md.o(RESET)
    __Vectors_End                            0x080000ec   Data           0  startup_stm32f10x_md.o(RESET)
    __main                                   0x080000ed   Thumb Code     8  __main.o(!!!main)
    __scatterload                            0x080000f5   Thumb Code     0  __scatter.o(!!!scatter)
    __scatterload_rt2                        0x080000f5   Thumb Code    44  __scatter.o(!!!scatter)
    __scatterload_rt2_thumb_only             0x080000f5   Thumb Code     0  __scatter.o(!!!scatter)
    __scatterload_null                       0x08000103   Thumb Code     0  __scatter.o(!!!scatter)
    __decompress                             0x08000129   Thumb Code    90  __dczerorl2.o(!!dczerorl2)
    __decompress1                            0x08000129   Thumb Code     0  __dczerorl2.o(!!dczerorl2)
    __scatterload_zeroinit                   0x08000185   Thumb Code    28  __scatter_zi.o(!!handler_zi)
    __rt_lib_init                            0x080001a1   Thumb Code     0  libinit.o(.ARM.Collect$$libinit$$00000000)
    __rt_lib_init_alloca_1                   0x080001a3   Thumb Code     0  libinit2.o(.ARM.Collect$$libinit$$0000002E)
    __rt_lib_init_argv_1                     0x080001a3   Thumb Code     0  libinit2.o(.ARM.Collect$$libinit$$0000002C)
    __rt_lib_init_atexit_1                   0x080001a3   Thumb Code     0  libinit2.o(.ARM.Collect$$libinit$$0000001B)
    __rt_lib_init_clock_1                    0x080001a3   Thumb Code     0  libinit2.o(.ARM.Collect$$libinit$$00000021)
    __rt_lib_init_cpp_1                      0x080001a3   Thumb Code     0  libinit2.o(.ARM.Collect$$libinit$$00000032)
    __rt_lib_init_exceptions_1               0x080001a3   Thumb Code     0  libinit2.o(.ARM.Collect$$libinit$$00000030)
    __rt_lib_init_fp_1                       0x080001a3   Thumb Code     0  libinit2.o(.ARM.Collect$$libinit$$00000002)
    __rt_lib_init_fp_trap_1                  0x080001a3   Thumb Code     0  libinit2.o(.ARM.Collect$$libinit$$0000001F)
    __rt_lib_init_getenv_1                   0x080001a3   Thumb Code     0  libinit2.o(.ARM.Collect$$libinit$$00000023)
    __rt_lib_init_heap_1                     0x080001a3   Thumb Code     0  libinit2.o(.ARM.Collect$$libinit$$0000000A)
    __rt_lib_init_lc_collate_1               0x080001a3   Thumb Code     0  libinit2.o(.ARM.Collect$$libinit$$00000011)
    __rt_lib_init_lc_ctype_1                 0x080001a3   Thumb Code     0  libinit2.o(.ARM.Collect$$libinit$$00000013)
    __rt_lib_init_lc_monetary_1              0x080001a3   Thumb Code     0  libinit2.o(.ARM.Collect$$libinit$$00000015)
    __rt_lib_init_lc_numeric_1               0x080001a3   Thumb Code     0  libinit2.o(.ARM.Collect$$libinit$$00000017)
    __rt_lib_init_lc_time_1                  0x080001a3   Thumb Code     0  libinit2.o(.ARM.Collect$$libinit$$00000019)
    __rt_lib_init_preinit_1                  0x080001a3   Thumb Code     0  libinit2.o(.ARM.Collect$$libinit$$00000004)
    __rt_lib_init_rand_1                     0x080001a3   Thumb Code     0  libinit2.o(.ARM.Collect$$libinit$$0000000E)
    __rt_lib_init_return                     0x080001a3   Thumb Code     0  libinit2.o(.ARM.Collect$$libinit$$00000033)
    __rt_lib_init_signal_1                   0x080001a3   Thumb Code     0  libinit2.o(.ARM.Collect$$libinit$$0000001D)
    __rt_lib_init_stdio_1                    0x080001a3   Thumb Code     0  libinit2.o(.ARM.Collect$$libinit$$00000025)
    __rt_lib_init_user_alloc_1               0x080001a3   Thumb Code     0  libinit2.o(.ARM.Collect$$libinit$$0000000C)
    __rt_lib_shutdown                        0x080001a5   Thumb Code     0  libshutdown.o(.ARM.Collect$$libshutdown$$00000000)
    __rt_lib_shutdown_cpp_1                  0x080001a7   Thumb Code     0  libshutdown2.o(.ARM.Collect$$libshutdown$$00000002)
    __rt_lib_shutdown_fp_trap_1              0x080001a7   Thumb Code     0  libshutdown2.o(.ARM.Collect$$libshutdown$$00000007)
    __rt_lib_shutdown_heap_1                 0x080001a7   Thumb Code     0  libshutdown2.o(.ARM.Collect$$libshutdown$$0000000F)
    __rt_lib_shutdown_return                 0x080001a7   Thumb Code     0  libshutdown2.o(.ARM.Collect$$libshutdown$$00000010)
    __rt_lib_shutdown_signal_1               0x080001a7   Thumb Code     0  libshutdown2.o(.ARM.Collect$$libshutdown$$0000000A)
    __rt_lib_shutdown_stdio_1                0x080001a7   Thumb Code     0  libshutdown2.o(.ARM.Collect$$libshutdown$$00000004)
    __rt_lib_shutdown_user_alloc_1           0x080001a7   Thumb Code     0  libshutdown2.o(.ARM.Collect$$libshutdown$$0000000C)
    __rt_entry                               0x080001a9   Thumb Code     0  __rtentry.o(.ARM.Collect$$rtentry$$00000000)
    __rt_entry_presh_1                       0x080001a9   Thumb Code     0  __rtentry2.o(.ARM.Collect$$rtentry$$00000002)
    __rt_entry_sh                            0x080001a9   Thumb Code     0  __rtentry4.o(.ARM.Collect$$rtentry$$00000004)
    __rt_entry_li                            0x080001af   Thumb Code     0  __rtentry2.o(.ARM.Collect$$rtentry$$0000000A)
    __rt_entry_postsh_1                      0x080001af   Thumb Code     0  __rtentry2.o(.ARM.Collect$$rtentry$$00000009)
    __rt_entry_main                          0x080001b3   Thumb Code     0  __rtentry2.o(.ARM.Collect$$rtentry$$0000000D)
    __rt_entry_postli_1                      0x080001b3   Thumb Code     0  __rtentry2.o(.ARM.Collect$$rtentry$$0000000C)
    __rt_exit                                0x080001bb   Thumb Code     0  rtexit.o(.ARM.Collect$$rtexit$$00000000)
    __rt_exit_ls                             0x080001bd   Thumb Code     0  rtexit2.o(.ARM.Collect$$rtexit$$00000003)
    __rt_exit_prels_1                        0x080001bd   Thumb Code     0  rtexit2.o(.ARM.Collect$$rtexit$$00000002)
    __rt_exit_exit                           0x080001c1   Thumb Code     0  rtexit2.o(.ARM.Collect$$rtexit$$00000004)
    Reset_Handler                            0x080001c9   Thumb Code     8  startup_stm32f10x_md.o(.text)
    ADC1_2_IRQHandler                        0x080001e3   Thumb Code     0  startup_stm32f10x_md.o(.text)
    CAN1_RX1_IRQHandler                      0x080001e3   Thumb Code     0  startup_stm32f10x_md.o(.text)
    CAN1_SCE_IRQHandler                      0x080001e3   Thumb Code     0  startup_stm32f10x_md.o(.text)
    DMA1_Channel1_IRQHandler                 0x080001e3   Thumb Code     0  startup_stm32f10x_md.o(.text)
    DMA1_Channel2_IRQHandler                 0x080001e3   Thumb Code     0  startup_stm32f10x_md.o(.text)
    DMA1_Channel3_IRQHandler                 0x080001e3   Thumb Code     0  startup_stm32f10x_md.o(.text)
    DMA1_Channel4_IRQHandler                 0x080001e3   Thumb Code     0  startup_stm32f10x_md.o(.text)
    DMA1_Channel5_IRQHandler                 0x080001e3   Thumb Code     0  startup_stm32f10x_md.o(.text)
    DMA1_Channel6_IRQHandler                 0x080001e3   Thumb Code     0  startup_stm32f10x_md.o(.text)
    DMA1_Channel7_IRQHandler                 0x080001e3   Thumb Code     0  startup_stm32f10x_md.o(.text)
    EXTI0_IRQHandler                         0x080001e3   Thumb Code     0  startup_stm32f10x_md.o(.text)
    EXTI1_IRQHandler                         0x080001e3   Thumb Code     0  startup_stm32f10x_md.o(.text)
    EXTI2_IRQHandler                         0x080001e3   Thumb Code     0  startup_stm32f10x_md.o(.text)
    EXTI3_IRQHandler                         0x080001e3   Thumb Code     0  startup_stm32f10x_md.o(.text)
    EXTI4_IRQHandler                         0x080001e3   Thumb Code     0  startup_stm32f10x_md.o(.text)
    FLASH_IRQHandler                         0x080001e3   Thumb Code     0  startup_stm32f10x_md.o(.text)
    I2C1_ER_IRQHandler                       0x080001e3   Thumb Code     0  startup_stm32f10x_md.o(.text)
    I2C1_EV_IRQHandler                       0x080001e3   Thumb Code     0  startup_stm32f10x_md.o(.text)
    I2C2_ER_IRQHandler                       0x080001e3   Thumb Code     0  startup_stm32f10x_md.o(.text)
    I2C2_EV_IRQHandler                       0x080001e3   Thumb Code     0  startup_stm32f10x_md.o(.text)
    PVD_IRQHandler                           0x080001e3   Thumb Code     0  startup_stm32f10x_md.o(.text)
    RCC_IRQHandler                           0x080001e3   Thumb Code     0  startup_stm32f10x_md.o(.text)
    RTCAlarm_IRQHandler                      0x080001e3   Thumb Code     0  startup_stm32f10x_md.o(.text)
    RTC_IRQHandler                           0x080001e3   Thumb Code     0  startup_stm32f10x_md.o(.text)
    SPI1_IRQHandler                          0x080001e3   Thumb Code     0  startup_stm32f10x_md.o(.text)
    SPI2_IRQHandler                          0x080001e3   Thumb Code     0  startup_stm32f10x_md.o(.text)
    TAMPER_IRQHandler                        0x080001e3   Thumb Code     0  startup_stm32f10x_md.o(.text)
    TIM1_BRK_IRQHandler                      0x080001e3   Thumb Code     0  startup_stm32f10x_md.o(.text)
    TIM1_CC_IRQHandler                       0x080001e3   Thumb Code     0  startup_stm32f10x_md.o(.text)
    TIM1_TRG_COM_IRQHandler                  0x080001e3   Thumb Code     0  startup_stm32f10x_md.o(.text)
    TIM1_UP_IRQHandler                       0x080001e3   Thumb Code     0  startup_stm32f10x_md.o(.text)
    TIM2_IRQHandler                          0x080001e3   Thumb Code     0  startup_stm32f10x_md.o(.text)
    TIM3_IRQHandler                          0x080001e3   Thumb Code     0  startup_stm32f10x_md.o(.text)
    TIM4_IRQHandler                          0x080001e3   Thumb Code     0  startup_stm32f10x_md.o(.text)
    USART1_IRQHandler                        0x080001e3   Thumb Code     0  startup_stm32f10x_md.o(.text)
    USART2_IRQHandler                        0x080001e3   Thumb Code     0  startup_stm32f10x_md.o(.text)
    USART3_IRQHandler                        0x080001e3   Thumb Code     0  startup_stm32f10x_md.o(.text)
    USBWakeUp_IRQHandler                     0x080001e3   Thumb Code     0  startup_stm32f10x_md.o(.text)
    USB_HP_CAN1_TX_IRQHandler                0x080001e3   Thumb Code     0  startup_stm32f10x_md.o(.text)
    USB_LP_CAN1_RX0_IRQHandler               0x080001e3   Thumb Code     0  startup_stm32f10x_md.o(.text)
    WWDG_IRQHandler                          0x080001e3   Thumb Code     0  startup_stm32f10x_md.o(.text)
    __user_initial_stackheap                 0x080001e5   Thumb Code     0  startup_stm32f10x_md.o(.text)
    __aeabi_uldivmod                         0x08000209   Thumb Code     0  lludivv7m.o(.text)
    _ll_udiv                                 0x08000209   Thumb Code   238  lludivv7m.o(.text)
    __aeabi_ldivmod                          0x080002f7   Thumb Code     0  llsdiv.o(.text)
    _ll_sdiv                                 0x080002f7   Thumb Code    72  llsdiv.o(.text)
    memcmp                                   0x0800033f   Thumb Code    88  memcmp.o(.text)
    __aeabi_memset                           0x08000397   Thumb Code    16  aeabi_memset.o(.text)
    __use_two_region_memory                  0x080003a7   Thumb Code     2  heapauxi.o(.text)
    __rt_heap_escrow$2region                 0x080003a9   Thumb Code     2  heapauxi.o(.text)
    __rt_heap_expand$2region                 0x080003ab   Thumb Code     2  heapauxi.o(.text)
    __read_errno                             0x080003ad   Thumb Code    10  _rserrno.o(.text)
    __set_errno                              0x080003b7   Thumb Code    12  _rserrno.o(.text)
    __aeabi_memclr                           0x080003c3   Thumb Code     0  rt_memclr.o(.text)
    __rt_memclr                              0x080003c3   Thumb Code    68  rt_memclr.o(.text)
    _memset                                  0x080003c7   Thumb Code     0  rt_memclr.o(.text)
    __aeabi_errno_addr                       0x08000409   Thumb Code     8  rt_errno_addr_intlibspace.o(.text)
    __errno$intlibspace                      0x08000409   Thumb Code     0  rt_errno_addr_intlibspace.o(.text)
    __rt_errno_addr$intlibspace              0x08000409   Thumb Code     0  rt_errno_addr_intlibspace.o(.text)
    __aeabi_memclr4                          0x08000411   Thumb Code     0  rt_memclr_w.o(.text)
    __aeabi_memclr8                          0x08000411   Thumb Code     0  rt_memclr_w.o(.text)
    __rt_memclr_w                            0x08000411   Thumb Code    78  rt_memclr_w.o(.text)
    _memset_w                                0x08000415   Thumb Code     0  rt_memclr_w.o(.text)
    __user_libspace                          0x08000461   Thumb Code     8  libspace.o(.text)
    __user_perproc_libspace                  0x08000461   Thumb Code     0  libspace.o(.text)
    __user_perthread_libspace                0x08000461   Thumb Code     0  libspace.o(.text)
    __user_setup_stackheap                   0x08000469   Thumb Code    74  sys_stackheap_outer.o(.text)
    exit                                     0x080004b3   Thumb Code    18  exit.o(.text)
    _sys_exit                                0x080004c5   Thumb Code     8  sys_exit.o(.text)
    __I$use$semihosting                      0x080004d1   Thumb Code     0  use_no_semi.o(.text)
    __use_no_semihosting_swi                 0x080004d1   Thumb Code     2  use_no_semi.o(.text)
    BusFault_Handler                         0x080004d3   Thumb Code     4  stm32f10x_it.o(i.BusFault_Handler)
    __semihosting_library_function           0x080004d3   Thumb Code     0  indicate_semi.o(.text)
    DebugMon_Handler                         0x080004d7   Thumb Code     2  stm32f10x_it.o(i.DebugMon_Handler)
    Delay_ms                                 0x080004d9   Thumb Code    24  delay.o(i.Delay_ms)
    Delay_us                                 0x080004f1   Thumb Code    46  delay.o(i.Delay_us)
    EXTI15_10_IRQHandler                     0x08000521   Thumb Code   488  main.o(i.EXTI15_10_IRQHandler)
    EXTI1_Init                               0x08000745   Thumb Code   112  exti.o(i.EXTI1_Init)
    EXTI2_Init                               0x080007b9   Thumb Code   112  exti2.o(i.EXTI2_Init)
    EXTI9_5_IRQHandler                       0x0800082d   Thumb Code    42  main.o(i.EXTI9_5_IRQHandler)
    EXTI_ClearITPendingBit                   0x0800085d   Thumb Code     6  stm32f10x_exti.o(i.EXTI_ClearITPendingBit)
    EXTI_GetITStatus                         0x08000869   Thumb Code    34  stm32f10x_exti.o(i.EXTI_GetITStatus)
    EXTI_Init                                0x08000891   Thumb Code   142  stm32f10x_exti.o(i.EXTI_Init)
    GPIO_EXTILineConfig                      0x08000925   Thumb Code    60  stm32f10x_gpio.o(i.GPIO_EXTILineConfig)
    GPIO_Init                                0x08000965   Thumb Code   278  stm32f10x_gpio.o(i.GPIO_Init)
    GPIO_ReadInputDataBit                    0x08000a7b   Thumb Code    18  stm32f10x_gpio.o(i.GPIO_ReadInputDataBit)
    GPIO_WriteBit                            0x08000a8d   Thumb Code    10  stm32f10x_gpio.o(i.GPIO_WriteBit)
    HardFault_Handler                        0x08000a97   Thumb Code     4  stm32f10x_it.o(i.HardFault_Handler)
    MPU6050_DMP_Get_Data                     0x08000a9d   Thumb Code   544  inv_mpu.o(i.MPU6050_DMP_Get_Data)
    MPU6050_DMP_Init                         0x08000cc1   Thumb Code    74  inv_mpu.o(i.MPU6050_DMP_Init)
    MPU6050_IIC_IO_Init                      0x08000d11   Thumb Code    32  mpu6050_i2c.o(i.MPU6050_IIC_IO_Init)
    MPU6050_IIC_Read_Ack                     0x08000d3d   Thumb Code    72  mpu6050_i2c.o(i.MPU6050_IIC_Read_Ack)
    MPU6050_IIC_Read_Byte                    0x08000d8d   Thumb Code    86  mpu6050_i2c.o(i.MPU6050_IIC_Read_Byte)
    MPU6050_IIC_SDA_IO_IN                    0x08000ded   Thumb Code    22  mpu6050_i2c.o(i.MPU6050_IIC_SDA_IO_IN)
    MPU6050_IIC_SDA_IO_OUT                   0x08000e09   Thumb Code    20  mpu6050_i2c.o(i.MPU6050_IIC_SDA_IO_OUT)
    MPU6050_IIC_Send_Ack                     0x08000e21   Thumb Code    48  mpu6050_i2c.o(i.MPU6050_IIC_Send_Ack)
    MPU6050_IIC_Send_Byte                    0x08000e59   Thumb Code    90  mpu6050_i2c.o(i.MPU6050_IIC_Send_Byte)
    MPU6050_IIC_Start                        0x08000ebd   Thumb Code    46  mpu6050_i2c.o(i.MPU6050_IIC_Start)
    MPU6050_IIC_Stop                         0x08000ef5   Thumb Code    52  mpu6050_i2c.o(i.MPU6050_IIC_Stop)
    MPU6050_Init                             0x08000f31   Thumb Code   114  mpu6050.o(i.MPU6050_Init)
    MPU_Get_Gyroscope                        0x08000fa3   Thumb Code    80  mpu6050.o(i.MPU_Get_Gyroscope)
    MPU_Set_Accel_Fsr                        0x08000ff3   Thumb Code    18  mpu6050.o(i.MPU_Set_Accel_Fsr)
    MPU_Set_Gyro_Fsr                         0x08001005   Thumb Code    18  mpu6050.o(i.MPU_Set_Gyro_Fsr)
    MPU_Set_LPF                              0x08001017   Thumb Code    60  mpu6050.o(i.MPU_Set_LPF)
    MPU_Set_Rate                             0x08001053   Thumb Code    56  mpu6050.o(i.MPU_Set_Rate)
    MS5611_getConversion                     0x0800108b   Thumb Code   140  ms5611.o(i.MS5611_getConversion)
    MS5611_getPressure                       0x08001119   Thumb Code   448  ms5611.o(i.MS5611_getPressure)
    MemManage_Handler                        0x08001329   Thumb Code     4  stm32f10x_it.o(i.MemManage_Handler)
    Motor_Init                               0x0800132d   Thumb Code     8  motor.o(i.Motor_Init)
    MyI2C_Ask                                0x08001335   Thumb Code    28  myi2c.o(i.MyI2C_Ask)
    MyI2C_NoAsk                              0x08001351   Thumb Code    28  myi2c.o(i.MyI2C_NoAsk)
    MyI2C_R_SDA                              0x0800136d   Thumb Code    22  myi2c.o(i.MyI2C_R_SDA)
    MyI2C_ReadByte                           0x08001389   Thumb Code    72  myi2c.o(i.MyI2C_ReadByte)
    MyI2C_SendByte                           0x080013d1   Thumb Code    60  myi2c.o(i.MyI2C_SendByte)
    MyI2C_Start                              0x0800140d   Thumb Code    50  myi2c.o(i.MyI2C_Start)
    MyI2C_Stop                               0x0800143f   Thumb Code    28  myi2c.o(i.MyI2C_Stop)
    MyI2C_W_SCL                              0x0800145d   Thumb Code    22  myi2c.o(i.MyI2C_W_SCL)
    MyI2C_W_SDA                              0x08001479   Thumb Code    22  myi2c.o(i.MyI2C_W_SDA)
    MyI2C_WaitAsk                            0x08001495   Thumb Code    56  myi2c.o(i.MyI2C_WaitAsk)
    MySPI_Init                               0x080014cd   Thumb Code   174  myspi.o(i.MySPI_Init)
    MySPI_W_CE                               0x08001585   Thumb Code    16  myspi.o(i.MySPI_W_CE)
    MySPI_start                              0x08001599   Thumb Code    10  myspi.o(i.MySPI_start)
    MySPI_stop                               0x080015a3   Thumb Code    10  myspi.o(i.MySPI_stop)
    MySPI_swapbyte                           0x080015ad   Thumb Code    50  myspi.o(i.MySPI_swapbyte)
    My_GPIO_Init                             0x080015e5   Thumb Code   172  sys.o(i.My_GPIO_Init)
    NMI_Handler                              0x08001695   Thumb Code     2  stm32f10x_it.o(i.NMI_Handler)
    NRF2401_Init                             0x08001697   Thumb Code     8  nrf2401.o(i.NRF2401_Init)
    NRF2401_RXPACKER                         0x080016a1   Thumb Code    74  nrf2401.o(i.NRF2401_RXPACKER)
    NRF2401_Read_Data                        0x080016f1   Thumb Code    52  nrf2401.o(i.NRF2401_Read_Data)
    NRF2401_Read_Reg                         0x08001725   Thumb Code    30  nrf2401.o(i.NRF2401_Read_Reg)
    NRF2401_Write_Data                       0x08001743   Thumb Code    52  nrf2401.o(i.NRF2401_Write_Data)
    NRF2401_Write_Reg                        0x08001777   Thumb Code    32  nrf2401.o(i.NRF2401_Write_Reg)
    NVIC_Init                                0x08001799   Thumb Code   100  misc.o(i.NVIC_Init)
    OLED_Clear                               0x08001809   Thumb Code    42  oled.o(i.OLED_Clear)
    OLED_I2C_Init                            0x08001835   Thumb Code    76  oled.o(i.OLED_I2C_Init)
    OLED_I2C_SendByte                        0x08001885   Thumb Code    80  oled.o(i.OLED_I2C_SendByte)
    OLED_I2C_Start                           0x080018d9   Thumb Code    48  oled.o(i.OLED_I2C_Start)
    OLED_I2C_Stop                            0x0800190d   Thumb Code    36  oled.o(i.OLED_I2C_Stop)
    OLED_Init                                0x08001935   Thumb Code   174  oled.o(i.OLED_Init)
    OLED_Pow                                 0x080019e3   Thumb Code    20  oled.o(i.OLED_Pow)
    OLED_SetCursor                           0x080019f7   Thumb Code    34  oled.o(i.OLED_SetCursor)
    OLED_ShowChar                            0x08001a19   Thumb Code   110  oled.o(i.OLED_ShowChar)
    OLED_ShowSignedNum                       0x08001a8d   Thumb Code   102  oled.o(i.OLED_ShowSignedNum)
    OLED_WriteCommand                        0x08001af3   Thumb Code    32  oled.o(i.OLED_WriteCommand)
    OLED_WriteData                           0x08001b13   Thumb Code    32  oled.o(i.OLED_WriteData)
    PWM_Init                                 0x08001b35   Thumb Code   326  pwm.o(i.PWM_Init)
    PWM_Setcompare1                          0x08001c81   Thumb Code    16  pwm.o(i.PWM_Setcompare1)
    PWM_Setcompare2                          0x08001c91   Thumb Code    16  pwm.o(i.PWM_Setcompare2)
    PWM_Setcompare3                          0x08001ca1   Thumb Code    16  pwm.o(i.PWM_Setcompare3)
    PWM_Setcompare4                          0x08001cb1   Thumb Code    16  pwm.o(i.PWM_Setcompare4)
    PendSV_Handler                           0x08001cc1   Thumb Code     2  stm32f10x_it.o(i.PendSV_Handler)
    RCC_APB1PeriphClockCmd                   0x08001cc5   Thumb Code    26  stm32f10x_rcc.o(i.RCC_APB1PeriphClockCmd)
    RCC_APB2PeriphClockCmd                   0x08001ce5   Thumb Code    26  stm32f10x_rcc.o(i.RCC_APB2PeriphClockCmd)
    SETPWM_1                                 0x08001d05   Thumb Code    26  motor.o(i.SETPWM_1)
    SETPWM_2                                 0x08001d1f   Thumb Code    26  motor.o(i.SETPWM_2)
    SETPWM_3                                 0x08001d39   Thumb Code    26  motor.o(i.SETPWM_3)
    SETPWM_4                                 0x08001d53   Thumb Code    26  motor.o(i.SETPWM_4)
    SPI_Cmd                                  0x08001d6d   Thumb Code    24  stm32f10x_spi.o(i.SPI_Cmd)
    SPI_I2S_GetFlagStatus                    0x08001d85   Thumb Code    18  stm32f10x_spi.o(i.SPI_I2S_GetFlagStatus)
    SPI_I2S_ReceiveData                      0x08001d97   Thumb Code     6  stm32f10x_spi.o(i.SPI_I2S_ReceiveData)
    SPI_I2S_SendData                         0x08001d9d   Thumb Code     4  stm32f10x_spi.o(i.SPI_I2S_SendData)
    SPI_Init                                 0x08001da1   Thumb Code    60  stm32f10x_spi.o(i.SPI_Init)
    SVC_Handler                              0x08001ddd   Thumb Code     2  stm32f10x_it.o(i.SVC_Handler)
    Set_RXMode                               0x08001ec9   Thumb Code    70  nrf2401.o(i.Set_RXMode)
    SysTick_Handler                          0x08001f15   Thumb Code     2  stm32f10x_it.o(i.SysTick_Handler)
    SystemInit                               0x08001f19   Thumb Code    78  system_stm32f10x.o(i.SystemInit)
    TIM_Cmd                                  0x08001f79   Thumb Code    24  stm32f10x_tim.o(i.TIM_Cmd)
    TIM_InternalClockConfig                  0x08001f91   Thumb Code    12  stm32f10x_tim.o(i.TIM_InternalClockConfig)
    TIM_OC1Init                              0x08001f9d   Thumb Code   132  stm32f10x_tim.o(i.TIM_OC1Init)
    TIM_OC2Init                              0x08002035   Thumb Code   154  stm32f10x_tim.o(i.TIM_OC2Init)
    TIM_OC3Init                              0x080020d9   Thumb Code   150  stm32f10x_tim.o(i.TIM_OC3Init)
    TIM_OC4Init                              0x08002179   Thumb Code   114  stm32f10x_tim.o(i.TIM_OC4Init)
    TIM_OCStructInit                         0x080021f5   Thumb Code    20  stm32f10x_tim.o(i.TIM_OCStructInit)
    TIM_SetCompare1                          0x08002209   Thumb Code     4  stm32f10x_tim.o(i.TIM_SetCompare1)
    TIM_SetCompare2                          0x0800220d   Thumb Code     4  stm32f10x_tim.o(i.TIM_SetCompare2)
    TIM_SetCompare3                          0x08002211   Thumb Code     4  stm32f10x_tim.o(i.TIM_SetCompare3)
    TIM_SetCompare4                          0x08002215   Thumb Code     6  stm32f10x_tim.o(i.TIM_SetCompare4)
    TIM_TimeBaseInit                         0x0800221d   Thumb Code   122  stm32f10x_tim.o(i.TIM_TimeBaseInit)
    UsageFault_Handler                       0x080022c1   Thumb Code     4  stm32f10x_it.o(i.UsageFault_Handler)
    __ARM_fpclassify                         0x080022c5   Thumb Code    40  fpclassify.o(i.__ARM_fpclassify)
    __kernel_poly                            0x080022ed   Thumb Code   170  poly.o(i.__kernel_poly)
    __mathlib_dbl_divzero                    0x08002399   Thumb Code    12  dunder.o(i.__mathlib_dbl_divzero)
    __mathlib_dbl_infnan                     0x080023a9   Thumb Code     6  dunder.o(i.__mathlib_dbl_infnan)
    __mathlib_dbl_infnan2                    0x080023af   Thumb Code     4  dunder.o(i.__mathlib_dbl_infnan2)
    __mathlib_dbl_invalid                    0x080023b3   Thumb Code    12  dunder.o(i.__mathlib_dbl_invalid)
    __mathlib_dbl_overflow                   0x080023bf   Thumb Code    14  dunder.o(i.__mathlib_dbl_overflow)
    __mathlib_dbl_underflow                  0x080023cd   Thumb Code    10  dunder.o(i.__mathlib_dbl_underflow)
    asin                                     0x08002485   Thumb Code   572  asin.o(i.asin)
    atan                                     0x080026f5   Thumb Code   474  atan.o(i.atan)
    atan2                                    0x08002915   Thumb Code   346  atan2.o(i.atan2)
    delay_ms                                 0x08002af9   Thumb Code    12  delay.o(i.delay_ms)
    delay_us                                 0x08002b05   Thumb Code    12  delay.o(i.delay_us)
    dmp_enable_6x_lp_quat                    0x08002b11   Thumb Code    60  inv_mpu_dmp_motion_driver.o(i.dmp_enable_6x_lp_quat)
    dmp_enable_feature                       0x08002b4d   Thumb Code   530  inv_mpu_dmp_motion_driver.o(i.dmp_enable_feature)
    dmp_enable_gyro_cal                      0x08002d69   Thumb Code    62  inv_mpu_dmp_motion_driver.o(i.dmp_enable_gyro_cal)
    dmp_enable_lp_quat                       0x08002dc1   Thumb Code    60  inv_mpu_dmp_motion_driver.o(i.dmp_enable_lp_quat)
    dmp_load_motion_driver_firmware          0x08002dfd   Thumb Code    20  inv_mpu_dmp_motion_driver.o(i.dmp_load_motion_driver_firmware)
    dmp_read_fifo                            0x08002e15   Thumb Code   450  inv_mpu_dmp_motion_driver.o(i.dmp_read_fifo)
    dmp_set_accel_bias                       0x08002fdd   Thumb Code   300  inv_mpu_dmp_motion_driver.o(i.dmp_set_accel_bias)
    dmp_set_fifo_rate                        0x0800310d   Thumb Code    96  inv_mpu_dmp_motion_driver.o(i.dmp_set_fifo_rate)
    dmp_set_gyro_bias                        0x0800317d   Thumb Code   294  inv_mpu_dmp_motion_driver.o(i.dmp_set_gyro_bias)
    dmp_set_orientation                      0x080032ad   Thumb Code   290  inv_mpu_dmp_motion_driver.o(i.dmp_set_orientation)
    dmp_set_shake_reject_thresh              0x080033e5   Thumb Code    56  inv_mpu_dmp_motion_driver.o(i.dmp_set_shake_reject_thresh)
    dmp_set_shake_reject_time                0x0800341d   Thumb Code    38  inv_mpu_dmp_motion_driver.o(i.dmp_set_shake_reject_time)
    dmp_set_shake_reject_timeout             0x08003443   Thumb Code    38  inv_mpu_dmp_motion_driver.o(i.dmp_set_shake_reject_timeout)
    dmp_set_tap_axes                         0x08003469   Thumb Code    70  inv_mpu_dmp_motion_driver.o(i.dmp_set_tap_axes)
    dmp_set_tap_count                        0x080034af   Thumb Code    38  inv_mpu_dmp_motion_driver.o(i.dmp_set_tap_count)
    dmp_set_tap_thresh                       0x080034d5   Thumb Code   396  inv_mpu_dmp_motion_driver.o(i.dmp_set_tap_thresh)
    dmp_set_tap_time                         0x08003675   Thumb Code    38  inv_mpu_dmp_motion_driver.o(i.dmp_set_tap_time)
    dmp_set_tap_time_multi                   0x0800369b   Thumb Code    38  inv_mpu_dmp_motion_driver.o(i.dmp_set_tap_time_multi)
    gaodu                                    0x080036c1   Thumb Code    20  ms5611.o(i.gaodu)
    gdkz                                     0x080036d9   Thumb Code   140  pid.o(i.gdkz)
    inv_orientation_matrix_to_scalar         0x08003db9   Thumb Code    40  inv_mpu.o(i.inv_orientation_matrix_to_scalar)
    inv_row_2_scale                          0x08003de1   Thumb Code    78  inv_mpu.o(i.inv_row_2_scale)
    main                                     0x08003e31   Thumb Code   150  main.o(i.main)
    mpu6050_read                             0x08003ee1   Thumb Code    92  mpu6050.o(i.mpu6050_read)
    mpu6050_read_reg                         0x08003f3d   Thumb Code    22  mpu6050.o(i.mpu6050_read_reg)
    mpu6050_write                            0x08003f53   Thumb Code    68  mpu6050.o(i.mpu6050_write)
    mpu6050_write_reg                        0x08003f97   Thumb Code    18  mpu6050.o(i.mpu6050_write_reg)
    mpu_configure_fifo                       0x08003fa9   Thumb Code   106  inv_mpu.o(i.mpu_configure_fifo)
    mpu_get_accel_fsr                        0x08004019   Thumb Code    72  inv_mpu.o(i.mpu_get_accel_fsr)
    mpu_get_accel_sens                       0x08004065   Thumb Code    78  inv_mpu.o(i.mpu_get_accel_sens)
    mpu_get_fifo_config                      0x080040b9   Thumb Code    12  inv_mpu.o(i.mpu_get_fifo_config)
    mpu_get_gyro_fsr                         0x080040c9   Thumb Code    64  inv_mpu.o(i.mpu_get_gyro_fsr)
    mpu_get_gyro_sens                        0x0800410d   Thumb Code    58  inv_mpu.o(i.mpu_get_gyro_sens)
    mpu_get_lpf                              0x0800415d   Thumb Code    74  inv_mpu.o(i.mpu_get_lpf)
    mpu_get_sample_rate                      0x080041ad   Thumb Code    26  inv_mpu.o(i.mpu_get_sample_rate)
    mpu_init                                 0x080041cd   Thumb Code   396  inv_mpu.o(i.mpu_init)
    mpu_load_firmware                        0x0800435d   Thumb Code   180  inv_mpu.o(i.mpu_load_firmware)
    mpu_lp_accel_mode                        0x08004415   Thumb Code   218  inv_mpu.o(i.mpu_lp_accel_mode)
    mpu_read_fifo_stream                     0x080044f5   Thumb Code   186  inv_mpu.o(i.mpu_read_fifo_stream)
    mpu_read_mem                             0x080045b5   Thumb Code   122  inv_mpu.o(i.mpu_read_mem)
    mpu_reset_fifo                           0x08004635   Thumb Code   450  inv_mpu.o(i.mpu_reset_fifo)
    mpu_run_self_test                        0x080047fd   Thumb Code   278  inv_mpu.o(i.mpu_run_self_test)
    mpu_set_accel_fsr                        0x08004919   Thumb Code   126  inv_mpu.o(i.mpu_set_accel_fsr)
    mpu_set_bypass                           0x0800499d   Thumb Code   328  inv_mpu.o(i.mpu_set_bypass)
    mpu_set_dmp_state                        0x08004ae9   Thumb Code   138  inv_mpu.o(i.mpu_set_dmp_state)
    mpu_set_gyro_fsr                         0x08004b79   Thumb Code   132  inv_mpu.o(i.mpu_set_gyro_fsr)
    mpu_set_int_latched                      0x08004c01   Thumb Code   102  inv_mpu.o(i.mpu_set_int_latched)
    mpu_set_lpf                              0x08004c6d   Thumb Code   126  inv_mpu.o(i.mpu_set_lpf)
    mpu_set_sample_rate                      0x08004cf1   Thumb Code   152  inv_mpu.o(i.mpu_set_sample_rate)
    mpu_set_sensors                          0x08004d8d   Thumb Code   202  inv_mpu.o(i.mpu_set_sensors)
    mpu_write_mem                            0x08004e5d   Thumb Code   122  inv_mpu.o(i.mpu_write_mem)
    pow                                      0x08004edd   Thumb Code  2512  pow.o(i.pow)
    power                                    0x080058b5   Thumb Code    20  sys.o(i.power)
    pwxianfu                                 0x080058c9   Thumb Code    22  motor.o(i.pwxianfu)
    run_self_test                            0x080058df   Thumb Code   148  inv_mpu.o(i.run_self_test)
    sqrt                                     0x08005a05   Thumb Code    76  sqrt.o(i.sqrt)
    xddaodu                                  0x08005a51   Thumb Code    54  ms5611.o(i.xddaodu)
    zhuanxianghuan                           0x08005a91   Thumb Code   136  pid.o(i.zhuanxianghuan)
    zzhilihuan                               0x08005b2d   Thumb Code   126  pid.o(i.zzhilihuan)
    __aeabi_d2f                              0x08005bc9   Thumb Code     0  d2f.o(x$fpl$d2f)
    _d2f                                     0x08005bc9   Thumb Code    98  d2f.o(x$fpl$d2f)
    __aeabi_dadd                             0x08005c2d   Thumb Code     0  daddsub_clz.o(x$fpl$dadd)
    _dadd                                    0x08005c2d   Thumb Code   332  daddsub_clz.o(x$fpl$dadd)
    __fpl_dcheck_NaN1                        0x08005d7d   Thumb Code    10  dcheck1.o(x$fpl$dcheck1)
    __fpl_dcmp_Inf                           0x08005d8d   Thumb Code    24  dcmpi.o(x$fpl$dcmpinf)
    __aeabi_ddiv                             0x08005da5   Thumb Code     0  ddiv.o(x$fpl$ddiv)
    _ddiv                                    0x08005da5   Thumb Code   552  ddiv.o(x$fpl$ddiv)
    __aeabi_d2uiz                            0x08006055   Thumb Code     0  dfixu.o(x$fpl$dfixu)
    _dfixu                                   0x08006055   Thumb Code    90  dfixu.o(x$fpl$dfixu)
    __aeabi_i2d                              0x080060af   Thumb Code     0  dflt_clz.o(x$fpl$dflt)
    _dflt                                    0x080060af   Thumb Code    46  dflt_clz.o(x$fpl$dflt)
    __aeabi_ui2d                             0x080060dd   Thumb Code     0  dflt_clz.o(x$fpl$dfltu)
    _dfltu                                   0x080060dd   Thumb Code    38  dflt_clz.o(x$fpl$dfltu)
    __aeabi_ul2d                             0x08006105   Thumb Code     0  dfltll_clz.o(x$fpl$dfltull)
    _ll_uto_d                                0x08006105   Thumb Code   138  dfltll_clz.o(x$fpl$dfltull)
    __aeabi_cdcmple                          0x08006191   Thumb Code     0  dleqf.o(x$fpl$dleqf)
    _dcmple                                  0x08006191   Thumb Code   120  dleqf.o(x$fpl$dleqf)
    __fpl_dcmple_InfNaN                      0x080061f3   Thumb Code     0  dleqf.o(x$fpl$dleqf)
    __aeabi_dmul                             0x08006209   Thumb Code     0  dmul.o(x$fpl$dmul)
    _dmul                                    0x08006209   Thumb Code   332  dmul.o(x$fpl$dmul)
    __fpl_dnaninf                            0x0800635d   Thumb Code   156  dnaninf.o(x$fpl$dnaninf)
    __fpl_dretinf                            0x080063f9   Thumb Code    12  dretinf.o(x$fpl$dretinf)
    __aeabi_cdrcmple                         0x08006405   Thumb Code     0  drleqf.o(x$fpl$drleqf)
    _drcmple                                 0x08006405   Thumb Code   108  drleqf.o(x$fpl$drleqf)
    __aeabi_drsub                            0x08006471   Thumb Code     0  daddsub_clz.o(x$fpl$drsb)
    _drsb                                    0x08006471   Thumb Code    22  daddsub_clz.o(x$fpl$drsb)
    _dsqrt                                   0x08006489   Thumb Code   456  dsqrt_noumaal.o(x$fpl$dsqrt)
    __aeabi_dsub                             0x08006655   Thumb Code     0  daddsub_clz.o(x$fpl$dsub)
    _dsub                                    0x08006655   Thumb Code   464  daddsub_clz.o(x$fpl$dsub)
    __aeabi_f2d                              0x08006829   Thumb Code     0  f2d.o(x$fpl$f2d)
    _f2d                                     0x08006829   Thumb Code    86  f2d.o(x$fpl$f2d)
    __aeabi_fadd                             0x08006881   Thumb Code     0  faddsub_clz.o(x$fpl$fadd)
    _fadd                                    0x08006881   Thumb Code   196  faddsub_clz.o(x$fpl$fadd)
    __fpl_fcmp_Inf                           0x08006945   Thumb Code    24  fcmpi.o(x$fpl$fcmpinf)
    __aeabi_fdiv                             0x0800695d   Thumb Code     0  fdiv.o(x$fpl$fdiv)
    _fdiv                                    0x0800695d   Thumb Code   384  fdiv.o(x$fpl$fdiv)
    __aeabi_cfcmpeq                          0x08006ae1   Thumb Code     0  feqf.o(x$fpl$feqf)
    _fcmpeq                                  0x08006ae1   Thumb Code   104  feqf.o(x$fpl$feqf)
    __aeabi_f2iz                             0x08006b49   Thumb Code     0  ffix.o(x$fpl$ffix)
    _ffix                                    0x08006b49   Thumb Code    54  ffix.o(x$fpl$ffix)
    __aeabi_f2uiz                            0x08006b81   Thumb Code     0  ffixu.o(x$fpl$ffixu)
    _ffixu                                   0x08006b81   Thumb Code    62  ffixu.o(x$fpl$ffixu)
    __aeabi_i2f                              0x08006bc1   Thumb Code     0  fflt_clz.o(x$fpl$fflt)
    _fflt                                    0x08006bc1   Thumb Code    48  fflt_clz.o(x$fpl$fflt)
    __aeabi_ul2f                             0x08006bf1   Thumb Code     0  ffltll_clz.o(x$fpl$ffltll)
    _ll_uto_f                                0x08006bf1   Thumb Code     6  ffltll_clz.o(x$fpl$ffltll)
    __aeabi_l2f                              0x08006bf7   Thumb Code     0  ffltll_clz.o(x$fpl$ffltll)
    _ll_sto_f                                0x08006bf7   Thumb Code    90  ffltll_clz.o(x$fpl$ffltll)
    __aeabi_ui2f                             0x08006c51   Thumb Code     0  fflt_clz.o(x$fpl$ffltu)
    _ffltu                                   0x08006c51   Thumb Code    38  fflt_clz.o(x$fpl$ffltu)
    __aeabi_cfcmple                          0x08006c79   Thumb Code     0  fleqf.o(x$fpl$fleqf)
    _fcmple                                  0x08006c79   Thumb Code   104  fleqf.o(x$fpl$fleqf)
    __fpl_fcmple_InfNaN                      0x08006ccb   Thumb Code     0  fleqf.o(x$fpl$fleqf)
    __aeabi_fmul                             0x08006ce1   Thumb Code     0  fmul.o(x$fpl$fmul)
    _fmul                                    0x08006ce1   Thumb Code   258  fmul.o(x$fpl$fmul)
    __fpl_fnaninf                            0x08006de3   Thumb Code   140  fnaninf.o(x$fpl$fnaninf)
    __fpl_fretinf                            0x08006e6f   Thumb Code    10  fretinf.o(x$fpl$fretinf)
    __aeabi_cfrcmple                         0x08006e79   Thumb Code     0  frleqf.o(x$fpl$frleqf)
    _frcmple                                 0x08006e79   Thumb Code    98  frleqf.o(x$fpl$frleqf)
    __aeabi_fsub                             0x08006edd   Thumb Code     0  faddsub_clz.o(x$fpl$fsub)
    _fsub                                    0x08006edd   Thumb Code   234  faddsub_clz.o(x$fpl$fsub)
    __fpl_return_NaN                         0x08006fc7   Thumb Code   100  retnan.o(x$fpl$retnan)
    __ARM_scalbn                             0x0800702b   Thumb Code    92  scalbn.o(x$fpl$scalbn)
    __fpl_cmpreturn                          0x08007087   Thumb Code    48  trapv.o(x$fpl$trapveneer)
    OLED_F8x16                               0x080070b6   Data        1520  oled.o(.constdata)
    __I$use$fp                               0x080070b6   Number         0  usenofp.o(x$fpl$usenofp)
    TX_ADDRESS                               0x080076a6   Data           5  nrf2401.o(.constdata)
    RX_ADDRESS                               0x080076ab   Data           5  nrf2401.o(.constdata)
    hw                                       0x080076b0   Data          12  inv_mpu.o(.constdata)
    reg                                      0x080076bc   Data          27  inv_mpu.o(.constdata)
    test                                     0x080076d8   Data          40  inv_mpu.o(.constdata)
    __mathlib_zero                           0x08008468   Data           8  qnan.o(.constdata)
    Region$$Table$$Base                      0x08008470   Number         0  anon$$obj.o(Region$$Table)
    Region$$Table$$Limit                     0x08008490   Number         0  anon$$obj.o(Region$$Table)
    MSbaro_h                                 0x20000000   Data           8  ms5611.o(.data)
    OFF_                                     0x20000008   Data           8  ms5611.o(.data)
    Aux                                      0x20000010   Data           4  ms5611.o(.data)
    dT                                       0x20000018   Data           8  ms5611.o(.data)
    TEMP                                     0x20000020   Data           8  ms5611.o(.data)
    yali                                     0x20000028   Data           4  ms5611.o(.data)
    Pressure_old                             0x2000002c   Data           4  ms5611.o(.data)
    qqp                                      0x20000030   Data           4  ms5611.o(.data)
    OFf                                      0x20000038   Data           8  ms5611.o(.data)
    SENS                                     0x20000040   Data           8  ms5611.o(.data)
    D1_Pres                                  0x20000048   Data           4  ms5611.o(.data)
    D2_Temp                                  0x2000004c   Data           4  ms5611.o(.data)
    TEMP2                                    0x20000050   Data           4  ms5611.o(.data)
    T2                                       0x20000054   Data           4  ms5611.o(.data)
    OFF2                                     0x20000058   Data           4  ms5611.o(.data)
    SENS2                                    0x2000005c   Data           4  ms5611.o(.data)
    err                                      0x20000060   Data           4  pid.o(.data)
    last_err                                 0x20000064   Data           4  pid.o(.data)
    err_sum                                  0x20000068   Data           4  pid.o(.data)
    err_difference                           0x2000006c   Data           4  pid.o(.data)
    derr                                     0x20000070   Data           4  pid.o(.data)
    dlast_err                                0x20000074   Data           4  pid.o(.data)
    derr_sum                                 0x20000078   Data           4  pid.o(.data)
    derr_difference                          0x2000007c   Data           4  pid.o(.data)
    terr                                     0x20000080   Data           4  pid.o(.data)
    tlast_err                                0x20000084   Data           4  pid.o(.data)
    terr_difference                          0x20000088   Data           4  pid.o(.data)
    herr                                     0x20000090   Data           8  pid.o(.data)
    hlast_err                                0x20000098   Data           8  pid.o(.data)
    herr_difference                          0x200000a0   Data           8  pid.o(.data)
    Pitch                                    0x200000a8   Data           4  main.o(.data)
    Roll                                     0x200000ac   Data           4  main.o(.data)
    Yaw                                      0x200000b0   Data           4  main.o(.data)
    ax                                       0x200000b4   Data           2  main.o(.data)
    ay                                       0x200000b6   Data           2  main.o(.data)
    az                                       0x200000b8   Data           2  main.o(.data)
    gx                                       0x200000ba   Data           2  main.o(.data)
    gy                                       0x200000bc   Data           2  main.o(.data)
    gz                                       0x200000be   Data           2  main.o(.data)
    Kp                                       0x200000c0   Data           4  main.o(.data)
    Ki                                       0x200000c4   Data           4  main.o(.data)
    Kd                                       0x200000c8   Data           4  main.o(.data)
    Kdp                                      0x200000cc   Data           4  main.o(.data)
    Kdi                                      0x200000d0   Data           4  main.o(.data)
    Kdd                                      0x200000d4   Data           4  main.o(.data)
    TKp                                      0x200000d8   Data           4  main.o(.data)
    TKd                                      0x200000dc   Data           4  main.o(.data)
    zzlshiji                                 0x200000e0   Data           4  main.o(.data)
    zzllilun                                 0x200000e4   Data           4  main.o(.data)
    zhongzhi                                 0x200000e8   Data           4  main.o(.data)
    czlshiji                                 0x200000ec   Data           4  main.o(.data)
    czllilun                                 0x200000f0   Data           4  main.o(.data)
    tlilun                                   0x200000f4   Data           4  main.o(.data)
    tshiji                                   0x200000f8   Data           4  main.o(.data)
    hshiji                                   0x20000100   Data           8  main.o(.data)
    hlilun                                   0x20000108   Data           8  main.o(.data)
    mingling                                 0x20000110   Data           1  main.o(.data)
    Cal_C                                    0x2000014c   Data          28  ms5611.o(.bss)
    Pres_BUFFER                              0x20000168   Data          80  ms5611.o(.bss)
    Temp_BUFFER                              0x200001b8   Data          40  ms5611.o(.bss)
    __libspace_start                         0x200001f0   Data          96  libspace.o(.bss)
    __temporary_stack_top$libspace           0x20000250   Data           0  libspace.o(.bss)



==============================================================================

Memory Map of the image

  Image Entry point : 0x080000ed

  Load Region LR_IROM1 (Base: 0x08000000, Size: 0x000085dc, Max: 0x00010000, ABSOLUTE, COMPRESSED[0x000084a4])

    Execution Region ER_IROM1 (Exec base: 0x08000000, Load base: 0x08000000, Size: 0x00008490, Max: 0x00010000, ABSOLUTE)

    Exec Addr    Load Addr    Size         Type   Attr      Idx    E Section Name        Object

    0x08000000   0x08000000   0x000000ec   Data   RO            3    RESET               startup_stm32f10x_md.o
    0x080000ec   0x080000ec   0x00000008   Code   RO         4850  * !!!main             c_w.l(__main.o)
    0x080000f4   0x080000f4   0x00000034   Code   RO         5186    !!!scatter          c_w.l(__scatter.o)
    0x08000128   0x08000128   0x0000005a   Code   RO         5184    !!dczerorl2         c_w.l(__dczerorl2.o)
    0x08000182   0x08000182   0x00000002   PAD
    0x08000184   0x08000184   0x0000001c   Code   RO         5188    !!handler_zi        c_w.l(__scatter_zi.o)
    0x080001a0   0x080001a0   0x00000002   Code   RO         5051    .ARM.Collect$$libinit$$00000000  c_w.l(libinit.o)
    0x080001a2   0x080001a2   0x00000000   Code   RO         5065    .ARM.Collect$$libinit$$00000002  c_w.l(libinit2.o)
    0x080001a2   0x080001a2   0x00000000   Code   RO         5067    .ARM.Collect$$libinit$$00000004  c_w.l(libinit2.o)
    0x080001a2   0x080001a2   0x00000000   Code   RO         5070    .ARM.Collect$$libinit$$0000000A  c_w.l(libinit2.o)
    0x080001a2   0x080001a2   0x00000000   Code   RO         5072    .ARM.Collect$$libinit$$0000000C  c_w.l(libinit2.o)
    0x080001a2   0x080001a2   0x00000000   Code   RO         5074    .ARM.Collect$$libinit$$0000000E  c_w.l(libinit2.o)
    0x080001a2   0x080001a2   0x00000000   Code   RO         5077    .ARM.Collect$$libinit$$00000011  c_w.l(libinit2.o)
    0x080001a2   0x080001a2   0x00000000   Code   RO         5079    .ARM.Collect$$libinit$$00000013  c_w.l(libinit2.o)
    0x080001a2   0x080001a2   0x00000000   Code   RO         5081    .ARM.Collect$$libinit$$00000015  c_w.l(libinit2.o)
    0x080001a2   0x080001a2   0x00000000   Code   RO         5083    .ARM.Collect$$libinit$$00000017  c_w.l(libinit2.o)
    0x080001a2   0x080001a2   0x00000000   Code   RO         5085    .ARM.Collect$$libinit$$00000019  c_w.l(libinit2.o)
    0x080001a2   0x080001a2   0x00000000   Code   RO         5087    .ARM.Collect$$libinit$$0000001B  c_w.l(libinit2.o)
    0x080001a2   0x080001a2   0x00000000   Code   RO         5089    .ARM.Collect$$libinit$$0000001D  c_w.l(libinit2.o)
    0x080001a2   0x080001a2   0x00000000   Code   RO         5091    .ARM.Collect$$libinit$$0000001F  c_w.l(libinit2.o)
    0x080001a2   0x080001a2   0x00000000   Code   RO         5093    .ARM.Collect$$libinit$$00000021  c_w.l(libinit2.o)
    0x080001a2   0x080001a2   0x00000000   Code   RO         5095    .ARM.Collect$$libinit$$00000023  c_w.l(libinit2.o)
    0x080001a2   0x080001a2   0x00000000   Code   RO         5097    .ARM.Collect$$libinit$$00000025  c_w.l(libinit2.o)
    0x080001a2   0x080001a2   0x00000000   Code   RO         5101    .ARM.Collect$$libinit$$0000002C  c_w.l(libinit2.o)
    0x080001a2   0x080001a2   0x00000000   Code   RO         5103    .ARM.Collect$$libinit$$0000002E  c_w.l(libinit2.o)
    0x080001a2   0x080001a2   0x00000000   Code   RO         5105    .ARM.Collect$$libinit$$00000030  c_w.l(libinit2.o)
    0x080001a2   0x080001a2   0x00000000   Code   RO         5107    .ARM.Collect$$libinit$$00000032  c_w.l(libinit2.o)
    0x080001a2   0x080001a2   0x00000002   Code   RO         5108    .ARM.Collect$$libinit$$00000033  c_w.l(libinit2.o)
    0x080001a4   0x080001a4   0x00000002   Code   RO         5141    .ARM.Collect$$libshutdown$$00000000  c_w.l(libshutdown.o)
    0x080001a6   0x080001a6   0x00000000   Code   RO         5167    .ARM.Collect$$libshutdown$$00000002  c_w.l(libshutdown2.o)
    0x080001a6   0x080001a6   0x00000000   Code   RO         5169    .ARM.Collect$$libshutdown$$00000004  c_w.l(libshutdown2.o)
    0x080001a6   0x080001a6   0x00000000   Code   RO         5172    .ARM.Collect$$libshutdown$$00000007  c_w.l(libshutdown2.o)
    0x080001a6   0x080001a6   0x00000000   Code   RO         5175    .ARM.Collect$$libshutdown$$0000000A  c_w.l(libshutdown2.o)
    0x080001a6   0x080001a6   0x00000000   Code   RO         5177    .ARM.Collect$$libshutdown$$0000000C  c_w.l(libshutdown2.o)
    0x080001a6   0x080001a6   0x00000000   Code   RO         5180    .ARM.Collect$$libshutdown$$0000000F  c_w.l(libshutdown2.o)
    0x080001a6   0x080001a6   0x00000002   Code   RO         5181    .ARM.Collect$$libshutdown$$00000010  c_w.l(libshutdown2.o)
    0x080001a8   0x080001a8   0x00000000   Code   RO         4944    .ARM.Collect$$rtentry$$00000000  c_w.l(__rtentry.o)
    0x080001a8   0x080001a8   0x00000000   Code   RO         5006    .ARM.Collect$$rtentry$$00000002  c_w.l(__rtentry2.o)
    0x080001a8   0x080001a8   0x00000006   Code   RO         5018    .ARM.Collect$$rtentry$$00000004  c_w.l(__rtentry4.o)
    0x080001ae   0x080001ae   0x00000000   Code   RO         5008    .ARM.Collect$$rtentry$$00000009  c_w.l(__rtentry2.o)
    0x080001ae   0x080001ae   0x00000004   Code   RO         5009    .ARM.Collect$$rtentry$$0000000A  c_w.l(__rtentry2.o)
    0x080001b2   0x080001b2   0x00000000   Code   RO         5011    .ARM.Collect$$rtentry$$0000000C  c_w.l(__rtentry2.o)
    0x080001b2   0x080001b2   0x00000008   Code   RO         5012    .ARM.Collect$$rtentry$$0000000D  c_w.l(__rtentry2.o)
    0x080001ba   0x080001ba   0x00000002   Code   RO         5056    .ARM.Collect$$rtexit$$00000000  c_w.l(rtexit.o)
    0x080001bc   0x080001bc   0x00000000   Code   RO         5114    .ARM.Collect$$rtexit$$00000002  c_w.l(rtexit2.o)
    0x080001bc   0x080001bc   0x00000004   Code   RO         5115    .ARM.Collect$$rtexit$$00000003  c_w.l(rtexit2.o)
    0x080001c0   0x080001c0   0x00000006   Code   RO         5116    .ARM.Collect$$rtexit$$00000004  c_w.l(rtexit2.o)
    0x080001c6   0x080001c6   0x00000002   PAD
    0x080001c8   0x080001c8   0x00000040   Code   RO            4    .text               startup_stm32f10x_md.o
    0x08000208   0x08000208   0x000000ee   Code   RO         4840    .text               c_w.l(lludivv7m.o)
    0x080002f6   0x080002f6   0x00000048   Code   RO         4842    .text               c_w.l(llsdiv.o)
    0x0800033e   0x0800033e   0x00000058   Code   RO         4844    .text               c_w.l(memcmp.o)
    0x08000396   0x08000396   0x00000010   Code   RO         4846    .text               c_w.l(aeabi_memset.o)
    0x080003a6   0x080003a6   0x00000006   Code   RO         4848    .text               c_w.l(heapauxi.o)
    0x080003ac   0x080003ac   0x00000016   Code   RO         4949    .text               c_w.l(_rserrno.o)
    0x080003c2   0x080003c2   0x00000044   Code   RO         4951    .text               c_w.l(rt_memclr.o)
    0x08000406   0x08000406   0x00000002   PAD
    0x08000408   0x08000408   0x00000008   Code   RO         5025    .text               c_w.l(rt_errno_addr_intlibspace.o)
    0x08000410   0x08000410   0x0000004e   Code   RO         5027    .text               c_w.l(rt_memclr_w.o)
    0x0800045e   0x0800045e   0x00000002   PAD
    0x08000460   0x08000460   0x00000008   Code   RO         5035    .text               c_w.l(libspace.o)
    0x08000468   0x08000468   0x0000004a   Code   RO         5038    .text               c_w.l(sys_stackheap_outer.o)
    0x080004b2   0x080004b2   0x00000012   Code   RO         5040    .text               c_w.l(exit.o)
    0x080004c4   0x080004c4   0x0000000c   Code   RO         5111    .text               c_w.l(sys_exit.o)
    0x080004d0   0x080004d0   0x00000002   Code   RO         5130    .text               c_w.l(use_no_semi.o)
    0x080004d2   0x080004d2   0x00000000   Code   RO         5132    .text               c_w.l(indicate_semi.o)
    0x080004d2   0x080004d2   0x00000004   Code   RO         4115    i.BusFault_Handler  stm32f10x_it.o
    0x080004d6   0x080004d6   0x00000002   Code   RO         4116    i.DebugMon_Handler  stm32f10x_it.o
    0x080004d8   0x080004d8   0x00000018   Code   RO         3196    i.Delay_ms          delay.o
    0x080004f0   0x080004f0   0x0000002e   Code   RO         3198    i.Delay_us          delay.o
    0x0800051e   0x0800051e   0x00000002   PAD
    0x08000520   0x08000520   0x00000224   Code   RO         4045    i.EXTI15_10_IRQHandler  main.o
    0x08000744   0x08000744   0x00000074   Code   RO         3310    i.EXTI1_Init        exti.o
    0x080007b8   0x080007b8   0x00000074   Code   RO         3405    i.EXTI2_Init        exti2.o
    0x0800082c   0x0800082c   0x00000030   Code   RO         4046    i.EXTI9_5_IRQHandler  main.o
    0x0800085c   0x0800085c   0x0000000c   Code   RO          985    i.EXTI_ClearITPendingBit  stm32f10x_exti.o
    0x08000868   0x08000868   0x00000028   Code   RO          989    i.EXTI_GetITStatus  stm32f10x_exti.o
    0x08000890   0x08000890   0x00000094   Code   RO          990    i.EXTI_Init         stm32f10x_exti.o
    0x08000924   0x08000924   0x00000040   Code   RO         1344    i.GPIO_EXTILineConfig  stm32f10x_gpio.o
    0x08000964   0x08000964   0x00000116   Code   RO         1347    i.GPIO_Init         stm32f10x_gpio.o
    0x08000a7a   0x08000a7a   0x00000012   Code   RO         1351    i.GPIO_ReadInputDataBit  stm32f10x_gpio.o
    0x08000a8c   0x08000a8c   0x0000000a   Code   RO         1358    i.GPIO_WriteBit     stm32f10x_gpio.o
    0x08000a96   0x08000a96   0x00000004   Code   RO         4117    i.HardFault_Handler  stm32f10x_it.o
    0x08000a9a   0x08000a9a   0x00000002   PAD
    0x08000a9c   0x08000a9c   0x00000224   Code   RO         4178    i.MPU6050_DMP_Get_Data  inv_mpu.o
    0x08000cc0   0x08000cc0   0x00000050   Code   RO         4179    i.MPU6050_DMP_Init  inv_mpu.o
    0x08000d10   0x08000d10   0x0000002c   Code   RO         4778    i.MPU6050_IIC_IO_Init  mpu6050_i2c.o
    0x08000d3c   0x08000d3c   0x00000050   Code   RO         4779    i.MPU6050_IIC_Read_Ack  mpu6050_i2c.o
    0x08000d8c   0x08000d8c   0x00000060   Code   RO         4780    i.MPU6050_IIC_Read_Byte  mpu6050_i2c.o
    0x08000dec   0x08000dec   0x0000001c   Code   RO         4781    i.MPU6050_IIC_SDA_IO_IN  mpu6050_i2c.o
    0x08000e08   0x08000e08   0x00000018   Code   RO         4782    i.MPU6050_IIC_SDA_IO_OUT  mpu6050_i2c.o
    0x08000e20   0x08000e20   0x00000038   Code   RO         4783    i.MPU6050_IIC_Send_Ack  mpu6050_i2c.o
    0x08000e58   0x08000e58   0x00000064   Code   RO         4784    i.MPU6050_IIC_Send_Byte  mpu6050_i2c.o
    0x08000ebc   0x08000ebc   0x00000038   Code   RO         4785    i.MPU6050_IIC_Start  mpu6050_i2c.o
    0x08000ef4   0x08000ef4   0x0000003c   Code   RO         4786    i.MPU6050_IIC_Stop  mpu6050_i2c.o
    0x08000f30   0x08000f30   0x00000072   Code   RO         4700    i.MPU6050_Init      mpu6050.o
    0x08000fa2   0x08000fa2   0x00000050   Code   RO         4702    i.MPU_Get_Gyroscope  mpu6050.o
    0x08000ff2   0x08000ff2   0x00000012   Code   RO         4704    i.MPU_Set_Accel_Fsr  mpu6050.o
    0x08001004   0x08001004   0x00000012   Code   RO         4705    i.MPU_Set_Gyro_Fsr  mpu6050.o
    0x08001016   0x08001016   0x0000003c   Code   RO         4706    i.MPU_Set_LPF       mpu6050.o
    0x08001052   0x08001052   0x00000038   Code   RO         4707    i.MPU_Set_Rate      mpu6050.o
    0x0800108a   0x0800108a   0x0000008c   Code   RO         3947    i.MS5611_getConversion  ms5611.o
    0x08001116   0x08001116   0x00000002   PAD
    0x08001118   0x08001118   0x00000210   Code   RO         3948    i.MS5611_getPressure  ms5611.o
    0x08001328   0x08001328   0x00000004   Code   RO         4118    i.MemManage_Handler  stm32f10x_it.o
    0x0800132c   0x0800132c   0x00000008   Code   RO         3863    i.Motor_Init        motor.o
    0x08001334   0x08001334   0x0000001c   Code   RO         3594    i.MyI2C_Ask         myi2c.o
    0x08001350   0x08001350   0x0000001c   Code   RO         3596    i.MyI2C_NoAsk       myi2c.o
    0x0800136c   0x0800136c   0x0000001c   Code   RO         3597    i.MyI2C_R_SDA       myi2c.o
    0x08001388   0x08001388   0x00000048   Code   RO         3598    i.MyI2C_ReadByte    myi2c.o
    0x080013d0   0x080013d0   0x0000003c   Code   RO         3599    i.MyI2C_SendByte    myi2c.o
    0x0800140c   0x0800140c   0x00000032   Code   RO         3600    i.MyI2C_Start       myi2c.o
    0x0800143e   0x0800143e   0x0000001c   Code   RO         3601    i.MyI2C_Stop        myi2c.o
    0x0800145a   0x0800145a   0x00000002   PAD
    0x0800145c   0x0800145c   0x0000001c   Code   RO         3602    i.MyI2C_W_SCL       myi2c.o
    0x08001478   0x08001478   0x0000001c   Code   RO         3603    i.MyI2C_W_SDA       myi2c.o
    0x08001494   0x08001494   0x00000038   Code   RO         3604    i.MyI2C_WaitAsk     myi2c.o
    0x080014cc   0x080014cc   0x000000b8   Code   RO         3752    i.MySPI_Init        myspi.o
    0x08001584   0x08001584   0x00000014   Code   RO         3753    i.MySPI_W_CE        myspi.o
    0x08001598   0x08001598   0x0000000a   Code   RO         3754    i.MySPI_start       myspi.o
    0x080015a2   0x080015a2   0x0000000a   Code   RO         3755    i.MySPI_stop        myspi.o
    0x080015ac   0x080015ac   0x00000038   Code   RO         3756    i.MySPI_swapbyte    myspi.o
    0x080015e4   0x080015e4   0x000000b0   Code   RO         3241    i.My_GPIO_Init      sys.o
    0x08001694   0x08001694   0x00000002   Code   RO         4119    i.NMI_Handler       stm32f10x_it.o
    0x08001696   0x08001696   0x00000008   Code   RO         3788    i.NRF2401_Init      nrf2401.o
    0x0800169e   0x0800169e   0x00000002   PAD
    0x080016a0   0x080016a0   0x00000050   Code   RO         3789    i.NRF2401_RXPACKER  nrf2401.o
    0x080016f0   0x080016f0   0x00000034   Code   RO         3790    i.NRF2401_Read_Data  nrf2401.o
    0x08001724   0x08001724   0x0000001e   Code   RO         3791    i.NRF2401_Read_Reg  nrf2401.o
    0x08001742   0x08001742   0x00000034   Code   RO         3793    i.NRF2401_Write_Data  nrf2401.o
    0x08001776   0x08001776   0x00000020   Code   RO         3794    i.NRF2401_Write_Reg  nrf2401.o
    0x08001796   0x08001796   0x00000002   PAD
    0x08001798   0x08001798   0x00000070   Code   RO          137    i.NVIC_Init         misc.o
    0x08001808   0x08001808   0x0000002a   Code   RO         3486    i.OLED_Clear        oled.o
    0x08001832   0x08001832   0x00000002   PAD
    0x08001834   0x08001834   0x00000050   Code   RO         3487    i.OLED_I2C_Init     oled.o
    0x08001884   0x08001884   0x00000054   Code   RO         3488    i.OLED_I2C_SendByte  oled.o
    0x080018d8   0x080018d8   0x00000034   Code   RO         3489    i.OLED_I2C_Start    oled.o
    0x0800190c   0x0800190c   0x00000028   Code   RO         3490    i.OLED_I2C_Stop     oled.o
    0x08001934   0x08001934   0x000000ae   Code   RO         3491    i.OLED_Init         oled.o
    0x080019e2   0x080019e2   0x00000014   Code   RO         3492    i.OLED_Pow          oled.o
    0x080019f6   0x080019f6   0x00000022   Code   RO         3493    i.OLED_SetCursor    oled.o
    0x08001a18   0x08001a18   0x00000074   Code   RO         3495    i.OLED_ShowChar     oled.o
    0x08001a8c   0x08001a8c   0x00000066   Code   RO         3498    i.OLED_ShowSignedNum  oled.o
    0x08001af2   0x08001af2   0x00000020   Code   RO         3500    i.OLED_WriteCommand  oled.o
    0x08001b12   0x08001b12   0x00000020   Code   RO         3501    i.OLED_WriteData    oled.o
    0x08001b32   0x08001b32   0x00000002   PAD
    0x08001b34   0x08001b34   0x0000014c   Code   RO         3908    i.PWM_Init          pwm.o
    0x08001c80   0x08001c80   0x00000010   Code   RO         3909    i.PWM_Setcompare1   pwm.o
    0x08001c90   0x08001c90   0x00000010   Code   RO         3910    i.PWM_Setcompare2   pwm.o
    0x08001ca0   0x08001ca0   0x00000010   Code   RO         3911    i.PWM_Setcompare3   pwm.o
    0x08001cb0   0x08001cb0   0x00000010   Code   RO         3912    i.PWM_Setcompare4   pwm.o
    0x08001cc0   0x08001cc0   0x00000002   Code   RO         4120    i.PendSV_Handler    stm32f10x_it.o
    0x08001cc2   0x08001cc2   0x00000002   PAD
    0x08001cc4   0x08001cc4   0x00000020   Code   RO         1775    i.RCC_APB1PeriphClockCmd  stm32f10x_rcc.o
    0x08001ce4   0x08001ce4   0x00000020   Code   RO         1777    i.RCC_APB2PeriphClockCmd  stm32f10x_rcc.o
    0x08001d04   0x08001d04   0x0000001a   Code   RO         3864    i.SETPWM_1          motor.o
    0x08001d1e   0x08001d1e   0x0000001a   Code   RO         3865    i.SETPWM_2          motor.o
    0x08001d38   0x08001d38   0x0000001a   Code   RO         3866    i.SETPWM_3          motor.o
    0x08001d52   0x08001d52   0x0000001a   Code   RO         3867    i.SETPWM_4          motor.o
    0x08001d6c   0x08001d6c   0x00000018   Code   RO         2263    i.SPI_Cmd           stm32f10x_spi.o
    0x08001d84   0x08001d84   0x00000012   Code   RO         2271    i.SPI_I2S_GetFlagStatus  stm32f10x_spi.o
    0x08001d96   0x08001d96   0x00000006   Code   RO         2274    i.SPI_I2S_ReceiveData  stm32f10x_spi.o
    0x08001d9c   0x08001d9c   0x00000004   Code   RO         2275    i.SPI_I2S_SendData  stm32f10x_spi.o
    0x08001da0   0x08001da0   0x0000003c   Code   RO         2276    i.SPI_Init          stm32f10x_spi.o
    0x08001ddc   0x08001ddc   0x00000002   Code   RO         4121    i.SVC_Handler       stm32f10x_it.o
    0x08001dde   0x08001dde   0x00000008   Code   RO           10    i.SetSysClock       system_stm32f10x.o
    0x08001de6   0x08001de6   0x00000002   PAD
    0x08001de8   0x08001de8   0x000000e0   Code   RO           11    i.SetSysClockTo72   system_stm32f10x.o
    0x08001ec8   0x08001ec8   0x0000004c   Code   RO         3795    i.Set_RXMode        nrf2401.o
    0x08001f14   0x08001f14   0x00000002   Code   RO         4122    i.SysTick_Handler   stm32f10x_it.o
    0x08001f16   0x08001f16   0x00000002   PAD
    0x08001f18   0x08001f18   0x00000060   Code   RO           13    i.SystemInit        system_stm32f10x.o
    0x08001f78   0x08001f78   0x00000018   Code   RO         2421    i.TIM_Cmd           stm32f10x_tim.o
    0x08001f90   0x08001f90   0x0000000c   Code   RO         2448    i.TIM_InternalClockConfig  stm32f10x_tim.o
    0x08001f9c   0x08001f9c   0x00000098   Code   RO         2450    i.TIM_OC1Init       stm32f10x_tim.o
    0x08002034   0x08002034   0x000000a4   Code   RO         2455    i.TIM_OC2Init       stm32f10x_tim.o
    0x080020d8   0x080020d8   0x000000a0   Code   RO         2460    i.TIM_OC3Init       stm32f10x_tim.o
    0x08002178   0x08002178   0x0000007c   Code   RO         2465    i.TIM_OC4Init       stm32f10x_tim.o
    0x080021f4   0x080021f4   0x00000014   Code   RO         2468    i.TIM_OCStructInit  stm32f10x_tim.o
    0x08002208   0x08002208   0x00000004   Code   RO         2482    i.TIM_SetCompare1   stm32f10x_tim.o
    0x0800220c   0x0800220c   0x00000004   Code   RO         2483    i.TIM_SetCompare2   stm32f10x_tim.o
    0x08002210   0x08002210   0x00000004   Code   RO         2484    i.TIM_SetCompare3   stm32f10x_tim.o
    0x08002214   0x08002214   0x00000006   Code   RO         2485    i.TIM_SetCompare4   stm32f10x_tim.o
    0x0800221a   0x0800221a   0x00000002   PAD
    0x0800221c   0x0800221c   0x000000a4   Code   RO         2492    i.TIM_TimeBaseInit  stm32f10x_tim.o
    0x080022c0   0x080022c0   0x00000004   Code   RO         4123    i.UsageFault_Handler  stm32f10x_it.o
    0x080022c4   0x080022c4   0x00000028   Code   RO         4992    i.__ARM_fpclassify  m_ws.l(fpclassify.o)
    0x080022ec   0x080022ec   0x000000aa   Code   RO         4994    i.__kernel_poly     m_ws.l(poly.o)
    0x08002396   0x08002396   0x00000002   PAD
    0x08002398   0x08002398   0x00000010   Code   RO         4978    i.__mathlib_dbl_divzero  m_ws.l(dunder.o)
    0x080023a8   0x080023a8   0x00000006   Code   RO         4979    i.__mathlib_dbl_infnan  m_ws.l(dunder.o)
    0x080023ae   0x080023ae   0x00000004   Code   RO         4980    i.__mathlib_dbl_infnan2  m_ws.l(dunder.o)
    0x080023b2   0x080023b2   0x0000000c   Code   RO         4981    i.__mathlib_dbl_invalid  m_ws.l(dunder.o)
    0x080023be   0x080023be   0x0000000e   Code   RO         4982    i.__mathlib_dbl_overflow  m_ws.l(dunder.o)
    0x080023cc   0x080023cc   0x00000010   Code   RO         4984    i.__mathlib_dbl_underflow  m_ws.l(dunder.o)
    0x080023dc   0x080023dc   0x000000a8   Code   RO         4180    i.accel_self_test   inv_mpu.o
    0x08002484   0x08002484   0x00000270   Code   RO         4917    i.asin              m_ws.l(asin.o)
    0x080026f4   0x080026f4   0x00000220   Code   RO         4969    i.atan              m_ws.l(atan.o)
    0x08002914   0x08002914   0x00000180   Code   RO         4927    i.atan2             m_ws.l(atan2.o)
    0x08002a94   0x08002a94   0x00000064   Code   RO         4520    i.decode_gesture    inv_mpu_dmp_motion_driver.o
    0x08002af8   0x08002af8   0x0000000c   Code   RO         3199    i.delay_ms          delay.o
    0x08002b04   0x08002b04   0x0000000c   Code   RO         3201    i.delay_us          delay.o
    0x08002b10   0x08002b10   0x0000003c   Code   RO         4521    i.dmp_enable_6x_lp_quat  inv_mpu_dmp_motion_driver.o
    0x08002b4c   0x08002b4c   0x0000021c   Code   RO         4522    i.dmp_enable_feature  inv_mpu_dmp_motion_driver.o
    0x08002d68   0x08002d68   0x00000058   Code   RO         4523    i.dmp_enable_gyro_cal  inv_mpu_dmp_motion_driver.o
    0x08002dc0   0x08002dc0   0x0000003c   Code   RO         4524    i.dmp_enable_lp_quat  inv_mpu_dmp_motion_driver.o
    0x08002dfc   0x08002dfc   0x00000018   Code   RO         4529    i.dmp_load_motion_driver_firmware  inv_mpu_dmp_motion_driver.o
    0x08002e14   0x08002e14   0x000001c8   Code   RO         4530    i.dmp_read_fifo     inv_mpu_dmp_motion_driver.o
    0x08002fdc   0x08002fdc   0x00000130   Code   RO         4533    i.dmp_set_accel_bias  inv_mpu_dmp_motion_driver.o
    0x0800310c   0x0800310c   0x00000070   Code   RO         4534    i.dmp_set_fifo_rate  inv_mpu_dmp_motion_driver.o
    0x0800317c   0x0800317c   0x00000130   Code   RO         4535    i.dmp_set_gyro_bias  inv_mpu_dmp_motion_driver.o
    0x080032ac   0x080032ac   0x00000138   Code   RO         4537    i.dmp_set_orientation  inv_mpu_dmp_motion_driver.o
    0x080033e4   0x080033e4   0x00000038   Code   RO         4540    i.dmp_set_shake_reject_thresh  inv_mpu_dmp_motion_driver.o
    0x0800341c   0x0800341c   0x00000026   Code   RO         4541    i.dmp_set_shake_reject_time  inv_mpu_dmp_motion_driver.o
    0x08003442   0x08003442   0x00000026   Code   RO         4542    i.dmp_set_shake_reject_timeout  inv_mpu_dmp_motion_driver.o
    0x08003468   0x08003468   0x00000046   Code   RO         4543    i.dmp_set_tap_axes  inv_mpu_dmp_motion_driver.o
    0x080034ae   0x080034ae   0x00000026   Code   RO         4544    i.dmp_set_tap_count  inv_mpu_dmp_motion_driver.o
    0x080034d4   0x080034d4   0x000001a0   Code   RO         4545    i.dmp_set_tap_thresh  inv_mpu_dmp_motion_driver.o
    0x08003674   0x08003674   0x00000026   Code   RO         4546    i.dmp_set_tap_time  inv_mpu_dmp_motion_driver.o
    0x0800369a   0x0800369a   0x00000026   Code   RO         4547    i.dmp_set_tap_time_multi  inv_mpu_dmp_motion_driver.o
    0x080036c0   0x080036c0   0x00000018   Code   RO         3949    i.gaodu             ms5611.o
    0x080036d8   0x080036d8   0x000000ac   Code   RO         4003    i.gdkz              pid.o
    0x08003784   0x08003784   0x000000b4   Code   RO         4181    i.get_accel_prod_shift  inv_mpu.o
    0x08003838   0x08003838   0x00000470   Code   RO         4183    i.get_st_biases     inv_mpu.o
    0x08003ca8   0x08003ca8   0x00000110   Code   RO         4184    i.gyro_self_test    inv_mpu.o
    0x08003db8   0x08003db8   0x00000028   Code   RO         4185    i.inv_orientation_matrix_to_scalar  inv_mpu.o
    0x08003de0   0x08003de0   0x0000004e   Code   RO         4186    i.inv_row_2_scale   inv_mpu.o
    0x08003e2e   0x08003e2e   0x00000002   PAD
    0x08003e30   0x08003e30   0x000000b0   Code   RO         4047    i.main              main.o
    0x08003ee0   0x08003ee0   0x0000005c   Code   RO         4708    i.mpu6050_read      mpu6050.o
    0x08003f3c   0x08003f3c   0x00000016   Code   RO         4709    i.mpu6050_read_reg  mpu6050.o
    0x08003f52   0x08003f52   0x00000044   Code   RO         4710    i.mpu6050_write     mpu6050.o
    0x08003f96   0x08003f96   0x00000012   Code   RO         4711    i.mpu6050_write_reg  mpu6050.o
    0x08003fa8   0x08003fa8   0x00000070   Code   RO         4187    i.mpu_configure_fifo  inv_mpu.o
    0x08004018   0x08004018   0x0000004c   Code   RO         4188    i.mpu_get_accel_fsr  inv_mpu.o
    0x08004064   0x08004064   0x00000054   Code   RO         4190    i.mpu_get_accel_sens  inv_mpu.o
    0x080040b8   0x080040b8   0x00000010   Code   RO         4195    i.mpu_get_fifo_config  inv_mpu.o
    0x080040c8   0x080040c8   0x00000044   Code   RO         4196    i.mpu_get_gyro_fsr  inv_mpu.o
    0x0800410c   0x0800410c   0x00000050   Code   RO         4198    i.mpu_get_gyro_sens  inv_mpu.o
    0x0800415c   0x0800415c   0x00000050   Code   RO         4200    i.mpu_get_lpf       inv_mpu.o
    0x080041ac   0x080041ac   0x00000020   Code   RO         4202    i.mpu_get_sample_rate  inv_mpu.o
    0x080041cc   0x080041cc   0x00000190   Code   RO         4204    i.mpu_init          inv_mpu.o
    0x0800435c   0x0800435c   0x000000b8   Code   RO         4205    i.mpu_load_firmware  inv_mpu.o
    0x08004414   0x08004414   0x000000e0   Code   RO         4206    i.mpu_lp_accel_mode  inv_mpu.o
    0x080044f4   0x080044f4   0x000000c0   Code   RO         4209    i.mpu_read_fifo_stream  inv_mpu.o
    0x080045b4   0x080045b4   0x00000080   Code   RO         4210    i.mpu_read_mem      inv_mpu.o
    0x08004634   0x08004634   0x000001c8   Code   RO         4213    i.mpu_reset_fifo    inv_mpu.o
    0x080047fc   0x080047fc   0x0000011c   Code   RO         4214    i.mpu_run_self_test  inv_mpu.o
    0x08004918   0x08004918   0x00000084   Code   RO         4216    i.mpu_set_accel_fsr  inv_mpu.o
    0x0800499c   0x0800499c   0x0000014c   Code   RO         4217    i.mpu_set_bypass    inv_mpu.o
    0x08004ae8   0x08004ae8   0x00000090   Code   RO         4219    i.mpu_set_dmp_state  inv_mpu.o
    0x08004b78   0x08004b78   0x00000088   Code   RO         4220    i.mpu_set_gyro_fsr  inv_mpu.o
    0x08004c00   0x08004c00   0x0000006c   Code   RO         4221    i.mpu_set_int_latched  inv_mpu.o
    0x08004c6c   0x08004c6c   0x00000084   Code   RO         4223    i.mpu_set_lpf       inv_mpu.o
    0x08004cf0   0x08004cf0   0x0000009c   Code   RO         4224    i.mpu_set_sample_rate  inv_mpu.o
    0x08004d8c   0x08004d8c   0x000000d0   Code   RO         4225    i.mpu_set_sensors   inv_mpu.o
    0x08004e5c   0x08004e5c   0x00000080   Code   RO         4226    i.mpu_write_mem     inv_mpu.o
    0x08004edc   0x08004edc   0x000009d8   Code   RO         4935    i.pow               m_ws.l(pow.o)
    0x080058b4   0x080058b4   0x00000014   Code   RO         3244    i.power             sys.o
    0x080058c8   0x080058c8   0x00000016   Code   RO         3868    i.pwxianfu          motor.o
    0x080058de   0x080058de   0x00000094   Code   RO         4227    i.run_self_test     inv_mpu.o
    0x08005972   0x08005972   0x00000002   PAD
    0x08005974   0x08005974   0x00000090   Code   RO         4228    i.set_int_enable    inv_mpu.o
    0x08005a04   0x08005a04   0x0000004c   Code   RO         4998    i.sqrt              m_ws.l(sqrt.o)
    0x08005a50   0x08005a50   0x00000040   Code   RO         3950    i.xddaodu           ms5611.o
    0x08005a90   0x08005a90   0x0000009c   Code   RO         4005    i.zhuanxianghuan    pid.o
    0x08005b2c   0x08005b2c   0x0000009c   Code   RO         4006    i.zzhilihuan        pid.o
    0x08005bc8   0x08005bc8   0x00000062   Code   RO         4852    x$fpl$d2f           fz_ws.l(d2f.o)
    0x08005c2a   0x08005c2a   0x00000002   PAD
    0x08005c2c   0x08005c2c   0x00000150   Code   RO         4854    x$fpl$dadd          fz_ws.l(daddsub_clz.o)
    0x08005d7c   0x08005d7c   0x00000010   Code   RO         5029    x$fpl$dcheck1       fz_ws.l(dcheck1.o)
    0x08005d8c   0x08005d8c   0x00000018   Code   RO         5052    x$fpl$dcmpinf       fz_ws.l(dcmpi.o)
    0x08005da4   0x08005da4   0x000002b0   Code   RO         4861    x$fpl$ddiv          fz_ws.l(ddiv.o)
    0x08006054   0x08006054   0x0000005a   Code   RO         4864    x$fpl$dfixu         fz_ws.l(dfixu.o)
    0x080060ae   0x080060ae   0x0000002e   Code   RO         4869    x$fpl$dflt          fz_ws.l(dflt_clz.o)
    0x080060dc   0x080060dc   0x00000026   Code   RO         4868    x$fpl$dfltu         fz_ws.l(dflt_clz.o)
    0x08006102   0x08006102   0x00000002   PAD
    0x08006104   0x08006104   0x0000008a   Code   RO         4875    x$fpl$dfltull       fz_ws.l(dfltll_clz.o)
    0x0800618e   0x0800618e   0x00000002   PAD
    0x08006190   0x08006190   0x00000078   Code   RO         5031    x$fpl$dleqf         fz_ws.l(dleqf.o)
    0x08006208   0x08006208   0x00000154   Code   RO         4878    x$fpl$dmul          fz_ws.l(dmul.o)
    0x0800635c   0x0800635c   0x0000009c   Code   RO         4953    x$fpl$dnaninf       fz_ws.l(dnaninf.o)
    0x080063f8   0x080063f8   0x0000000c   Code   RO         4955    x$fpl$dretinf       fz_ws.l(dretinf.o)
    0x08006404   0x08006404   0x0000006c   Code   RO         4957    x$fpl$drleqf        fz_ws.l(drleqf.o)
    0x08006470   0x08006470   0x00000016   Code   RO         4855    x$fpl$drsb          fz_ws.l(daddsub_clz.o)
    0x08006486   0x08006486   0x00000002   PAD
    0x08006488   0x08006488   0x000001cc   Code   RO         5033    x$fpl$dsqrt         fz_ws.l(dsqrt_noumaal.o)
    0x08006654   0x08006654   0x000001d4   Code   RO         4856    x$fpl$dsub          fz_ws.l(daddsub_clz.o)
    0x08006828   0x08006828   0x00000056   Code   RO         4880    x$fpl$f2d           fz_ws.l(f2d.o)
    0x0800687e   0x0800687e   0x00000002   PAD
    0x08006880   0x08006880   0x000000c4   Code   RO         4882    x$fpl$fadd          fz_ws.l(faddsub_clz.o)
    0x08006944   0x08006944   0x00000018   Code   RO         4959    x$fpl$fcmpinf       fz_ws.l(fcmpi.o)
    0x0800695c   0x0800695c   0x00000184   Code   RO         4889    x$fpl$fdiv          fz_ws.l(fdiv.o)
    0x08006ae0   0x08006ae0   0x00000068   Code   RO         4892    x$fpl$feqf          fz_ws.l(feqf.o)
    0x08006b48   0x08006b48   0x00000036   Code   RO         4894    x$fpl$ffix          fz_ws.l(ffix.o)
    0x08006b7e   0x08006b7e   0x00000002   PAD
    0x08006b80   0x08006b80   0x0000003e   Code   RO         4898    x$fpl$ffixu         fz_ws.l(ffixu.o)
    0x08006bbe   0x08006bbe   0x00000002   PAD
    0x08006bc0   0x08006bc0   0x00000030   Code   RO         4903    x$fpl$fflt          fz_ws.l(fflt_clz.o)
    0x08006bf0   0x08006bf0   0x00000060   Code   RO         4908    x$fpl$ffltll        fz_ws.l(ffltll_clz.o)
    0x08006c50   0x08006c50   0x00000026   Code   RO         4902    x$fpl$ffltu         fz_ws.l(fflt_clz.o)
    0x08006c76   0x08006c76   0x00000002   PAD
    0x08006c78   0x08006c78   0x00000068   Code   RO         4910    x$fpl$fleqf         fz_ws.l(fleqf.o)
    0x08006ce0   0x08006ce0   0x00000102   Code   RO         4912    x$fpl$fmul          fz_ws.l(fmul.o)
    0x08006de2   0x08006de2   0x0000008c   Code   RO         4961    x$fpl$fnaninf       fz_ws.l(fnaninf.o)
    0x08006e6e   0x08006e6e   0x0000000a   Code   RO         4963    x$fpl$fretinf       fz_ws.l(fretinf.o)
    0x08006e78   0x08006e78   0x00000062   Code   RO         4914    x$fpl$frleqf        fz_ws.l(frleqf.o)
    0x08006eda   0x08006eda   0x00000002   PAD
    0x08006edc   0x08006edc   0x000000ea   Code   RO         4884    x$fpl$fsub          fz_ws.l(faddsub_clz.o)
    0x08006fc6   0x08006fc6   0x00000064   Code   RO         5054    x$fpl$retnan        fz_ws.l(retnan.o)
    0x0800702a   0x0800702a   0x0000005c   Code   RO         4965    x$fpl$scalbn        fz_ws.l(scalbn.o)
    0x08007086   0x08007086   0x00000030   Code   RO         5109    x$fpl$trapveneer    fz_ws.l(trapv.o)
    0x080070b6   0x080070b6   0x00000000   Code   RO         4967    x$fpl$usenofp       fz_ws.l(usenofp.o)
    0x080070b6   0x080070b6   0x000005f0   Data   RO         3502    .constdata          oled.o
    0x080076a6   0x080076a6   0x0000000a   Data   RO         3797    .constdata          nrf2401.o
    0x080076b0   0x080076b0   0x00000050   Data   RO         4229    .constdata          inv_mpu.o
    0x08007700   0x08007700   0x00000bf6   Data   RO         4549    .constdata          inv_mpu_dmp_motion_driver.o
    0x080082f6   0x080082f6   0x00000002   PAD
    0x080082f8   0x080082f8   0x00000050   Data   RO         4918    .constdata          m_ws.l(asin.o)
    0x08008348   0x08008348   0x00000088   Data   RO         4936    .constdata          m_ws.l(pow.o)
    0x080083d0   0x080083d0   0x00000098   Data   RO         4970    .constdata          m_ws.l(atan.o)
    0x08008468   0x08008468   0x00000008   Data   RO         4996    .constdata          m_ws.l(qnan.o)
    0x08008470   0x08008470   0x00000020   Data   RO         5182    Region$$Table       anon$$obj.o


    Execution Region RW_IRAM1 (Exec base: 0x20000000, Load base: 0x08008490, Size: 0x00000850, Max: 0x00005000, ABSOLUTE, COMPRESSED[0x00000014])

    Exec Addr    Load Addr    Size         Type   Attr      Idx    E Section Name        Object

    0x20000000   COMPRESSED   0x00000060   Data   RW         3952    .data               ms5611.o
    0x20000060   COMPRESSED   0x00000048   Data   RW         4007    .data               pid.o
    0x200000a8   COMPRESSED   0x00000069   Data   RW         4048    .data               main.o
    0x20000111   COMPRESSED   0x00000003   PAD
    0x20000114   COMPRESSED   0x00000035   Data   RW         4230    .data               inv_mpu.o
    0x20000149   COMPRESSED   0x00000003   PAD
    0x2000014c        -       0x00000094   Zero   RW         3951    .bss                ms5611.o
    0x200001e0        -       0x00000010   Zero   RW         4548    .bss                inv_mpu_dmp_motion_driver.o
    0x200001f0        -       0x00000060   Zero   RW         5036    .bss                c_w.l(libspace.o)
    0x20000250        -       0x00000200   Zero   RW            2    HEAP                startup_stm32f10x_md.o
    0x20000450        -       0x00000400   Zero   RW            1    STACK               startup_stm32f10x_md.o


==============================================================================

Image component sizes


      Code (inc. data)   RO Data    RW Data    ZI Data      Debug   Object Name

        94          0          0          0          0       1808   delay.o
       116          4          0          0          0     241601   exti.o
       116          4          0          0          0        565   exti2.o
      6686        214         80         53          0      29242   inv_mpu.o
      3092        124       3062          0         16      19794   inv_mpu_dmp_motion_driver.o
       772         92          0        105          0       2657   main.o
       112         12          0          0          0     204208   misc.o
       134          0          0          0          0       2912   motor.o
       546          0          0          0          0       6233   mpu6050.o
       544         76          0          0          0       4760   mpu6050_i2c.o
       756         94          0         96        148       3375   ms5611.o
       406         18          0          0          0       5089   myi2c.o
       280         20          0          0          0       2474   myspi.o
       330         12         10          0          0       4615   nrf2401.o
       808         22       1520          0          0       6769   oled.o
       484         82          0         72          0       2461   pid.o
       396          6          0          0          0       2667   pwm.o
        64         26        236          0       1536        828   startup_stm32f10x_md.o
       200         18          0          0          0       4016   stm32f10x_exti.o
       370          4          0          0          0      11830   stm32f10x_gpio.o
        26          0          0          0          0       3602   stm32f10x_it.o
        64         12          0          0          0       1042   stm32f10x_rcc.o
       112          0          0          0          0      10382   stm32f10x_spi.o
       838         92          0          0          0      27402   stm32f10x_tim.o
       196          4          0          0          0       3499   sys.o
       328         28          0          0          0      14585   system_stm32f10x.o

    ----------------------------------------------------------------------
     17898        964       4942        332       1700     618416   Object Totals
         0          0         32          0          0          0   (incl. Generated)
        28          0          2          6          0          0   (incl. Padding)

    ----------------------------------------------------------------------

      Code (inc. data)   RO Data    RW Data    ZI Data      Debug   Library Member Name

        90          0          0          0          0          0   __dczerorl2.o
         8          0          0          0          0         68   __main.o
         0          0          0          0          0          0   __rtentry.o
        12          0          0          0          0          0   __rtentry2.o
         6          0          0          0          0          0   __rtentry4.o
        52          8          0          0          0          0   __scatter.o
        28          0          0          0          0          0   __scatter_zi.o
        22          0          0          0          0        100   _rserrno.o
        16          0          0          0          0         68   aeabi_memset.o
        18          0          0          0          0         80   exit.o
         6          0          0          0          0        152   heapauxi.o
         0          0          0          0          0          0   indicate_semi.o
         2          0          0          0          0          0   libinit.o
         2          0          0          0          0          0   libinit2.o
         2          0          0          0          0          0   libshutdown.o
         2          0          0          0          0          0   libshutdown2.o
         8          4          0          0         96         68   libspace.o
        72          0          0          0          0         76   llsdiv.o
       238          0          0          0          0        100   lludivv7m.o
        88          0          0          0          0         76   memcmp.o
         8          4          0          0          0         68   rt_errno_addr_intlibspace.o
        68          0          0          0          0         68   rt_memclr.o
        78          0          0          0          0         80   rt_memclr_w.o
         2          0          0          0          0          0   rtexit.o
        10          0          0          0          0          0   rtexit2.o
        12          4          0          0          0         68   sys_exit.o
        74          0          0          0          0         80   sys_stackheap_outer.o
         2          0          0          0          0         68   use_no_semi.o
        98          4          0          0          0         92   d2f.o
       826         16          0          0          0        348   daddsub_clz.o
        16          4          0          0          0         68   dcheck1.o
        24          0          0          0          0         68   dcmpi.o
       688        140          0          0          0        208   ddiv.o
        90          4          0          0          0         92   dfixu.o
        84          0          0          0          0        136   dflt_clz.o
       138          0          0          0          0         84   dfltll_clz.o
       120          4          0          0          0         92   dleqf.o
       340         12          0          0          0        104   dmul.o
       156          4          0          0          0         92   dnaninf.o
        12          0          0          0          0         68   dretinf.o
       108          0          0          0          0         80   drleqf.o
       460         56          0          0          0        120   dsqrt_noumaal.o
        86          4          0          0          0         84   f2d.o
       430          8          0          0          0        168   faddsub_clz.o
        24          0          0          0          0         68   fcmpi.o
       388         76          0          0          0         96   fdiv.o
       104          4          0          0          0         84   feqf.o
        54          4          0          0          0         84   ffix.o
        62          4          0          0          0         84   ffixu.o
        86          0          0          0          0        136   fflt_clz.o
        96          0          0          0          0         84   ffltll_clz.o
       104          4          0          0          0         84   fleqf.o
       258          4          0          0          0         84   fmul.o
       140          4          0          0          0         84   fnaninf.o
        10          0          0          0          0         68   fretinf.o
        98          0          0          0          0         68   frleqf.o
       100          0          0          0          0         68   retnan.o
        92          0          0          0          0         68   scalbn.o
        48          0          0          0          0         68   trapv.o
         0          0          0          0          0          0   usenofp.o
       624         52         80          0          0        168   asin.o
       544         70        152          0          0        124   atan.o
       384         38          0          0          0        144   atan2.o
        68         10          0          0          0        408   dunder.o
        40          0          0          0          0         68   fpclassify.o
       170          0          0          0          0         96   poly.o
      2520        190        136          0          0        324   pow.o
         0          0          8          0          0          0   qnan.o
        76          0          0          0          0         84   sqrt.o

    ----------------------------------------------------------------------
     10720        736        376          0         96       5768   Library Totals
        28          0          0          0          0          0   (incl. Padding)

    ----------------------------------------------------------------------

      Code (inc. data)   RO Data    RW Data    ZI Data      Debug   Library Name

       926         20          0          0         96       1220   c_w.l
      5340        356          0          0          0       3132   fz_ws.l
      4426        360        376          0          0       1416   m_ws.l

    ----------------------------------------------------------------------
     10720        736        376          0         96       5768   Library Totals

    ----------------------------------------------------------------------

==============================================================================


      Code (inc. data)   RO Data    RW Data    ZI Data      Debug   

     28618       1700       5318        332       1796     612220   Grand Totals
     28618       1700       5318         20       1796     612220   ELF Image Totals (compressed)
     28618       1700       5318         20          0          0   ROM Totals

==============================================================================

    Total RO  Size (Code + RO Data)                33936 (  33.14kB)
    Total RW  Size (RW Data + ZI Data)              2128 (   2.08kB)
    Total ROM Size (Code + RO Data + RW Data)      33956 (  33.16kB)

==============================================================================

